Time resolution is 1 ps
                   0 clk=0, X=0, reset=1, highway=00, country=10
                   5 clk=1, X=0, reset=1, highway=00, country=10
                  10 clk=0, X=0, reset=0, highway=00, country=10
                  15 clk=1, X=0, reset=0, highway=00, country=10
                  20 clk=0, X=0, reset=0, highway=00, country=10
                  25 clk=1, X=0, reset=0, highway=00, country=10
                  30 clk=0, X=1, reset=0, highway=00, country=10
                  35 clk=1, X=1, reset=0, highway=01, country=10
                  40 clk=0, X=1, reset=0, highway=01, country=10
                  45 clk=1, X=1, reset=0, highway=01, country=10
                  50 clk=0, X=1, reset=0, highway=01, country=10
                  55 clk=1, X=1, reset=0, highway=01, country=10
                  60 clk=0, X=1, reset=0, highway=01, country=10
                  65 clk=1, X=1, reset=0, highway=01, country=10
                  70 clk=0, X=1, reset=0, highway=01, country=10
                  75 clk=1, X=1, reset=0, highway=10, country=10
                  80 clk=0, X=1, reset=0, highway=10, country=10
                  85 clk=1, X=1, reset=0, highway=10, country=10
                  90 clk=0, X=1, reset=0, highway=10, country=10
                  95 clk=1, X=1, reset=0, highway=10, country=10
                 100 clk=0, X=1, reset=0, highway=10, country=10
                 105 clk=1, X=1, reset=0, highway=10, country=10
                 110 clk=0, X=1, reset=0, highway=10, country=10
                 115 clk=1, X=1, reset=0, highway=10, country=01
                 120 clk=0, X=1, reset=0, highway=10, country=01
                 125 clk=1, X=1, reset=0, highway=10, country=01
                 130 clk=0, X=1, reset=0, highway=10, country=01
                 135 clk=1, X=1, reset=0, highway=10, country=01
                 140 clk=0, X=0, reset=0, highway=10, country=01
                 145 clk=1, X=0, reset=0, highway=10, country=01
                 150 clk=0, X=0, reset=0, highway=10, country=01
                 155 clk=1, X=0, reset=0, highway=10, country=01
                 160 clk=0, X=0, reset=0, highway=10, country=01
                 165 clk=1, X=0, reset=0, highway=10, country=01
                 170 clk=0, X=0, reset=0, highway=10, country=01
                 175 clk=1, X=0, reset=0, highway=10, country=00
                 180 clk=0, X=0, reset=0, highway=10, country=00
                 185 clk=1, X=0, reset=0, highway=10, country=00
                 190 clk=0, X=0, reset=0, highway=10, country=00
                 195 clk=1, X=0, reset=0, highway=10, country=00
                 200 clk=0, X=0, reset=0, highway=10, country=00
                 205 clk=1, X=0, reset=0, highway=00, country=10
                 210 clk=0, X=0, reset=0, highway=00, country=10
                 215 clk=1, X=0, reset=0, highway=00, country=10
                 220 clk=0, X=0, reset=0, highway=00, country=10
                 225 clk=1, X=0, reset=0, highway=00, country=10
                 230 clk=0, X=0, reset=0, highway=00, country=10
                 235 clk=1, X=0, reset=0, highway=00, country=10
                 240 clk=0, X=0, reset=0, highway=00, country=10
                 245 clk=1, X=0, reset=0, highway=00, country=10
                 250 clk=0, X=1, reset=0, highway=00, country=10
                 255 clk=1, X=1, reset=0, highway=01, country=10
                 260 clk=0, X=1, reset=0, highway=01, country=10
                 265 clk=1, X=1, reset=0, highway=01, country=10
                 270 clk=0, X=1, reset=0, highway=01, country=10
                 275 clk=1, X=1, reset=0, highway=01, country=10
                 280 clk=0, X=1, reset=0, highway=01, country=10
                 285 clk=1, X=1, reset=0, highway=01, country=10
                 290 clk=0, X=1, reset=0, highway=01, country=10
                 295 clk=1, X=1, reset=0, highway=10, country=10
                 300 clk=0, X=1, reset=0, highway=10, country=10
                 305 clk=1, X=1, reset=0, highway=10, country=10
                 310 clk=0, X=1, reset=0, highway=10, country=10
                 315 clk=1, X=1, reset=0, highway=10, country=10
                 320 clk=0, X=1, reset=0, highway=10, country=10
                 325 clk=1, X=1, reset=0, highway=10, country=10
                 330 clk=0, X=1, reset=0, highway=10, country=10
                 335 clk=1, X=1, reset=0, highway=10, country=01
                 340 clk=0, X=1, reset=0, highway=10, country=01
                 345 clk=1, X=1, reset=0, highway=10, country=01
                 350 clk=0, X=1, reset=0, highway=10, country=01
                 355 clk=1, X=1, reset=0, highway=10, country=01
                 360 clk=0, X=1, reset=0, highway=10, country=01
                 365 clk=1, X=1, reset=0, highway=10, country=01
                 370 clk=0, X=1, reset=0, highway=10, country=01
                 375 clk=1, X=1, reset=0, highway=10, country=00
                 380 clk=0, X=1, reset=0, highway=10, country=00
                 385 clk=1, X=1, reset=0, highway=10, country=00
                 390 clk=0, X=1, reset=0, highway=10, country=00
                 395 clk=1, X=1, reset=0, highway=10, country=00
                 400 clk=0, X=1, reset=0, highway=10, country=00
                 405 clk=1, X=1, reset=0, highway=10, country=00
                 410 clk=0, X=1, reset=1, highway=00, country=10
                 415 clk=1, X=1, reset=1, highway=00, country=10
                 420 clk=0, X=1, reset=0, highway=00, country=10
                 425 clk=1, X=1, reset=0, highway=01, country=10
                 430 clk=0, X=1, reset=0, highway=01, country=10
                 435 clk=1, X=1, reset=0, highway=01, country=10
                 440 clk=0, X=1, reset=0, highway=01, country=10
                 445 clk=1, X=1, reset=0, highway=01, country=10
                 450 clk=0, X=1, reset=0, highway=01, country=10
                 455 clk=1, X=1, reset=0, highway=01, country=10
                 460 clk=0, X=1, reset=0, highway=01, country=10
                 465 clk=1, X=1, reset=0, highway=10, country=10
                 470 clk=0, X=1, reset=0, highway=10, country=10
                 475 clk=1, X=1, reset=0, highway=10, country=10
                 480 clk=0, X=1, reset=0, highway=10, country=10
                 485 clk=1, X=1, reset=0, highway=10, country=10
                 490 clk=0, X=1, reset=0, highway=10, country=10
                 495 clk=1, X=1, reset=0, highway=10, country=10
                 500 clk=0, X=1, reset=0, highway=10, country=10
                 505 clk=1, X=1, reset=0, highway=10, country=01
                 510 clk=0, X=1, reset=0, highway=10, country=01
                 515 clk=1, X=1, reset=0, highway=10, country=01
                 520 clk=0, X=1, reset=0, highway=10, country=01
                 525 clk=1, X=1, reset=0, highway=10, country=01
                 530 clk=0, X=1, reset=0, highway=10, country=01
                 535 clk=1, X=1, reset=0, highway=10, country=01
                 540 clk=0, X=1, reset=0, highway=10, country=01
                 545 clk=1, X=1, reset=0, highway=10, country=00
                 550 clk=0, X=1, reset=0, highway=10, country=00
                 555 clk=1, X=1, reset=0, highway=10, country=00
                 560 clk=0, X=1, reset=0, highway=10, country=00
                 565 clk=1, X=1, reset=0, highway=10, country=00
                 570 clk=0, X=1, reset=0, highway=10, country=00
                 575 clk=1, X=1, reset=0, highway=10, country=00
                 580 clk=0, X=1, reset=0, highway=10, country=00
                 585 clk=1, X=1, reset=0, highway=10, country=00
                 590 clk=0, X=1, reset=0, highway=10, country=00
                 595 clk=1, X=1, reset=0, highway=10, country=00
                 600 clk=0, X=1, reset=0, highway=10, country=00
                 605 clk=1, X=1, reset=0, highway=10, country=00
                 610 clk=0, X=1, reset=0, highway=10, country=00
                 615 clk=1, X=1, reset=0, highway=10, country=00
                 620 clk=0, X=1, reset=0, highway=10, country=00
                 625 clk=1, X=1, reset=0, highway=10, country=00
                 630 clk=0, X=1, reset=0, highway=10, country=00
                 635 clk=1, X=1, reset=0, highway=10, country=00
                 640 clk=0, X=1, reset=0, highway=10, country=00
                 645 clk=1, X=1, reset=0, highway=10, country=00
                 650 clk=0, X=1, reset=0, highway=10, country=00
                 655 clk=1, X=1, reset=0, highway=10, country=00
                 660 clk=0, X=1, reset=0, highway=10, country=00
                 665 clk=1, X=1, reset=0, highway=10, country=00
                 670 clk=0, X=1, reset=0, highway=10, country=00
                 675 clk=1, X=1, reset=0, highway=10, country=00
                 680 clk=0, X=0, reset=0, highway=10, country=00
                 685 clk=1, X=0, reset=0, highway=10, country=00
                 690 clk=0, X=0, reset=0, highway=10, country=00
                 695 clk=1, X=0, reset=0, highway=10, country=00
                 700 clk=0, X=0, reset=0, highway=10, country=00
                 705 clk=1, X=0, reset=0, highway=00, country=10
                 710 clk=0, X=0, reset=0, highway=00, country=10
                 715 clk=1, X=0, reset=0, highway=00, country=10
                 720 clk=0, X=0, reset=0, highway=00, country=10
                 725 clk=1, X=0, reset=0, highway=00, country=10
                 730 clk=0, X=0, reset=0, highway=00, country=10
                 735 clk=1, X=0, reset=0, highway=00, country=10
                 740 clk=0, X=0, reset=0, highway=00, country=10
                 745 clk=1, X=0, reset=0, highway=00, country=10
                 750 clk=0, X=0, reset=0, highway=00, country=10
                 755 clk=1, X=0, reset=0, highway=00, country=10
                 760 clk=0, X=0, reset=0, highway=00, country=10
                 765 clk=1, X=0, reset=0, highway=00, country=10
                 770 clk=0, X=0, reset=0, highway=00, country=10
                 775 clk=1, X=0, reset=0, highway=00, country=10
                 780 clk=0, X=0, reset=0, highway=00, country=10
                 785 clk=1, X=0, reset=0, highway=00, country=10
                 790 clk=0, X=0, reset=0, highway=00, country=10
                 795 clk=1, X=0, reset=0, highway=00, country=10
                 800 clk=0, X=0, reset=0, highway=00, country=10
                 805 clk=1, X=0, reset=0, highway=00, country=10
                 810 clk=0, X=0, reset=0, highway=00, country=10
                 815 clk=1, X=0, reset=0, highway=00, country=10
                 820 clk=0, X=0, reset=0, highway=00, country=10
                 825 clk=1, X=0, reset=0, highway=00, country=10
                 830 clk=0, X=0, reset=0, highway=00, country=10
                 835 clk=1, X=0, reset=0, highway=00, country=10
                 840 clk=0, X=0, reset=0, highway=00, country=10
                 845 clk=1, X=0, reset=0, highway=00, country=10
                 850 clk=0, X=0, reset=0, highway=00, country=10
                 855 clk=1, X=0, reset=0, highway=00, country=10
                 860 clk=0, X=0, reset=0, highway=00, country=10
                 865 clk=1, X=0, reset=0, highway=00, country=10
                 870 clk=0, X=0, reset=0, highway=00, country=10
                 875 clk=1, X=0, reset=0, highway=00, country=10
                 880 clk=0, X=0, reset=0, highway=00, country=10
                 885 clk=1, X=0, reset=0, highway=00, country=10
                 890 clk=0, X=1, reset=0, highway=00, country=10
                 895 clk=1, X=1, reset=0, highway=01, country=10
                 900 clk=0, X=1, reset=0, highway=01, country=10
                 905 clk=1, X=1, reset=0, highway=01, country=10
                 910 clk=0, X=1, reset=0, highway=01, country=10
                 915 clk=1, X=1, reset=0, highway=01, country=10
                 920 clk=0, X=1, reset=0, highway=01, country=10
                 925 clk=1, X=1, reset=0, highway=01, country=10
                 930 clk=0, X=0, reset=0, highway=01, country=10
                 935 clk=1, X=0, reset=0, highway=01, country=10
                 940 clk=0, X=0, reset=0, highway=01, country=10
                 945 clk=1, X=0, reset=0, highway=01, country=10
                 950 clk=0, X=0, reset=0, highway=01, country=10
                 955 clk=1, X=0, reset=0, highway=01, country=10
                 960 clk=0, X=0, reset=0, highway=01, country=10
                 965 clk=1, X=0, reset=0, highway=10, country=10
                 970 clk=0, X=1, reset=0, highway=10, country=10
                 975 clk=1, X=1, reset=0, highway=10, country=10
                 980 clk=0, X=1, reset=0, highway=10, country=10
                 985 clk=1, X=1, reset=0, highway=10, country=10
                 990 clk=0, X=1, reset=0, highway=10, country=10
                 995 clk=1, X=1, reset=0, highway=10, country=10
                1000 clk=0, X=1, reset=0, highway=10, country=10
