#-----------------------------------------------------------
# Vivado v2023.1 (64-bit)
# SW Build 3865809 on Sun May  7 15:05:29 MDT 2023
# IP Build 3864474 on Sun May  7 20:36:21 MDT 2023
# SharedData Build 3865790 on Sun May 07 13:33:03 MDT 2023
# Start of session at: Tue Jul  2 09:47:17 2024
# Process ID: 6476
# Current directory: D:/2024/Learning 2024/FPGA_Projects/DFT_DIT/FFT_Decimation_in_Time
# Command line: vivado.exe -gui_launcher_event rodinguilauncherevent22772 D:\2024\Learning 2024\FPGA_Projects\DFT_DIT\FFT_Decimation_in_Time\FFT_Decimation_in_Time.xpr
# Log file: D:/2024/Learning 2024/FPGA_Projects/DFT_DIT/FFT_Decimation_in_Time/vivado.log
# Journal file: D:/2024/Learning 2024/FPGA_Projects/DFT_DIT/FFT_Decimation_in_Time\vivado.jou
# Running On: Soroush, OS: Windows, CPU Frequency: 2112 MHz, CPU Physical cores: 4, Host memory: 12679 MB
#-----------------------------------------------------------
start_gui
open_project {D:/2024/Learning 2024/FPGA_Projects/DFT_DIT/FFT_Decimation_in_Time/FFT_Decimation_in_Time.xpr}
update_compile_order -fileset sources_1
launch_simulation
source sim_main_fft.tcl
relaunch_sim
relaunch_sim
relaunch_sim
relaunch_sim
relaunch_sim
relaunch_sim
close_sim
