
*** Running vivado
    with args -log top.vds -m64 -product Vivado -mode batch -messageDb vivado.pb -notrace -source top.tcl



****** Vivado v2024.1 (64-bit)
  **** SW Build 5076996 on Wed May 22 18:37:14 MDT 2024
  **** IP Build 5075265 on Wed May 22 21:45:21 MDT 2024
  **** SharedData Build 5076995 on Wed May 22 18:29:18 MDT 2024
  **** Start of session at: Mon May 12 21:50:56 2025
    ** Copyright 1986-2022 Xilinx, Inc. All Rights Reserved.
    ** Copyright 2022-2024 Advanced Micro Devices, Inc. All Rights Reserved.

source top.tcl -notrace
create_project: Time (s): cpu = 00:00:09 ; elapsed = 00:00:09 . Memory (MB): peak = 613.496 ; gain = 201.840
Command: read_checkpoint -auto_incremental -incremental D:/2025/Learning/FPGA_Projects/traffic_light_controller/traffic_light_controller.srcs/utils_1/imports/synth_1/top.dcp
INFO: [Vivado 12-5825] Read reference checkpoint from D:/2025/Learning/FPGA_Projects/traffic_light_controller/traffic_light_controller.srcs/utils_1/imports/synth_1/top.dcp for incremental synthesis
INFO: [Vivado 12-7989] Please ensure there are no constraint changes
Command: synth_design -top top -part xczu9eg-ffvb1156-2-e
Starting synth_design
Attempting to get a license for feature 'Synthesis' and/or device 'xczu9eg'
INFO: [Common 17-349] Got license for feature 'Synthesis' and/or device 'xczu9eg'
INFO: [Designutils 20-5440] No compile time benefit to using incremental synthesis; A full resynthesis will be run
INFO: [Designutils 20-4379] Flow is switching to default flow due to incremental criteria not met. If you would like to alter this behaviour and have the flow terminate instead, please set the following parameter config_implementation {autoIncr.Synth.RejectBehavior Terminate}
INFO: [Synth 8-7079] Multithreading enabled for synth_design using a maximum of 2 processes.
INFO: [Synth 8-7078] Launching helper process for spawning children vivado processes
INFO: [Synth 8-7075] Helper process launched with PID 43716
---------------------------------------------------------------------------------
Starting Synthesize : Time (s): cpu = 00:00:07 ; elapsed = 00:00:09 . Memory (MB): peak = 1074.699 ; gain = 451.230
---------------------------------------------------------------------------------
INFO: [Synth 8-6157] synthesizing module 'top' [D:/2025/Learning/FPGA_Projects/traffic_light_controller/traffic_light_controller.srcs/sources_1/new/top.v:24]
INFO: [Synth 8-6155] done synthesizing module 'top' (0#1) [D:/2025/Learning/FPGA_Projects/traffic_light_controller/traffic_light_controller.srcs/sources_1/new/top.v:24]
---------------------------------------------------------------------------------
Finished Synthesize : Time (s): cpu = 00:00:09 ; elapsed = 00:00:11 . Memory (MB): peak = 1183.289 ; gain = 559.820
---------------------------------------------------------------------------------
---------------------------------------------------------------------------------
Finished Constraint Validation : Time (s): cpu = 00:00:09 ; elapsed = 00:00:12 . Memory (MB): peak = 1183.289 ; gain = 559.820
---------------------------------------------------------------------------------
---------------------------------------------------------------------------------
Start Loading Part and Timing Information
---------------------------------------------------------------------------------
Loading part: xczu9eg-ffvb1156-2-e
INFO: [Synth 8-6742] Reading net delay rules and data
---------------------------------------------------------------------------------
INFO: [Device 21-403] Loading part xczu9eg-ffvb1156-2-e
Finished Loading Part and Timing Information : Time (s): cpu = 00:00:10 ; elapsed = 00:00:12 . Memory (MB): peak = 1183.289 ; gain = 559.820
---------------------------------------------------------------------------------
INFO: [Synth 8-802] inferred FSM for state register 'state_reg' in module 'top'
---------------------------------------------------------------------------------------------------
                   State |                     New Encoding |                Previous Encoding 
---------------------------------------------------------------------------------------------------
*
                 iSTATE2 |                            00001 |                            00001
                 iSTATE1 |                            00010 |                            00010
                  iSTATE |                            00100 |                            00100
                 iSTATE0 |                            01000 |                            01000
                 iSTATE3 |                            10000 |                            10000
---------------------------------------------------------------------------------------------------
INFO: [Synth 8-3898] No Re-encoding of one hot register 'state_reg' in module 'top'
WARNING: [Synth 8-327] inferring latch for variable 'delay_counter_reg' [D:/2025/Learning/FPGA_Projects/traffic_light_controller/traffic_light_controller.srcs/sources_1/new/top.v:63]
---------------------------------------------------------------------------------
Finished RTL Optimization Phase 2 : Time (s): cpu = 00:00:10 ; elapsed = 00:00:12 . Memory (MB): peak = 1183.289 ; gain = 559.820
---------------------------------------------------------------------------------
No constraint files found.
---------------------------------------------------------------------------------
Start RTL Component Statistics 
---------------------------------------------------------------------------------
Detailed RTL Component Info : 
+---Adders : 
	   2 Input    4 Bit       Adders := 1     
+---Muxes : 
	   2 Input    5 Bit        Muxes := 2     
	   6 Input    5 Bit        Muxes := 1     
	   6 Input    4 Bit        Muxes := 1     
	   6 Input    2 Bit        Muxes := 2     
	   2 Input    2 Bit        Muxes := 1     
	   2 Input    1 Bit        Muxes := 2     
	   6 Input    1 Bit        Muxes := 1     
---------------------------------------------------------------------------------
Finished RTL Component Statistics 
---------------------------------------------------------------------------------
---------------------------------------------------------------------------------
Start Part Resource Summary
---------------------------------------------------------------------------------
Part Resources:
DSPs: 2520 (col length:168)
BRAMs: 1824 (col length: RAMB18 168 RAMB36 84)
---------------------------------------------------------------------------------
Finished Part Resource Summary
---------------------------------------------------------------------------------
No constraint files found.
---------------------------------------------------------------------------------
Start Cross Boundary and Area Optimization
---------------------------------------------------------------------------------
WARNING: [Synth 8-7080] Parallel synthesis criteria is not met
---------------------------------------------------------------------------------
Finished Cross Boundary and Area Optimization : Time (s): cpu = 00:00:22 ; elapsed = 00:00:31 . Memory (MB): peak = 1962.789 ; gain = 1339.320
---------------------------------------------------------------------------------
No constraint files found.
---------------------------------------------------------------------------------
Start Timing Optimization
---------------------------------------------------------------------------------
---------------------------------------------------------------------------------
Finished Timing Optimization : Time (s): cpu = 00:00:22 ; elapsed = 00:00:31 . Memory (MB): peak = 1962.789 ; gain = 1339.320
---------------------------------------------------------------------------------
---------------------------------------------------------------------------------
Start Technology Mapping
---------------------------------------------------------------------------------
---------------------------------------------------------------------------------
Finished Technology Mapping : Time (s): cpu = 00:00:22 ; elapsed = 00:00:31 . Memory (MB): peak = 1962.789 ; gain = 1339.320
---------------------------------------------------------------------------------
---------------------------------------------------------------------------------
Start IO Insertion
---------------------------------------------------------------------------------
---------------------------------------------------------------------------------
Start Flattening Before IO Insertion
---------------------------------------------------------------------------------
---------------------------------------------------------------------------------
Finished Flattening Before IO Insertion
---------------------------------------------------------------------------------
---------------------------------------------------------------------------------
Start Final Netlist Cleanup
---------------------------------------------------------------------------------
---------------------------------------------------------------------------------
Finished Final Netlist Cleanup
---------------------------------------------------------------------------------
---------------------------------------------------------------------------------
Finished IO Insertion : Time (s): cpu = 00:00:30 ; elapsed = 00:00:39 . Memory (MB): peak = 1962.789 ; gain = 1339.320
---------------------------------------------------------------------------------
---------------------------------------------------------------------------------
Start Renaming Generated Instances
---------------------------------------------------------------------------------
---------------------------------------------------------------------------------
Finished Renaming Generated Instances : Time (s): cpu = 00:00:30 ; elapsed = 00:00:39 . Memory (MB): peak = 1962.789 ; gain = 1339.320
---------------------------------------------------------------------------------
CRITICAL WARNING: [Synth 8-6859] multi-driven net on pin delay_counter[3] with 1st driver pin 'delay_counter_reg[3]__0/Q' [D:/2025/Learning/FPGA_Projects/traffic_light_controller/traffic_light_controller.srcs/sources_1/new/top.v:41]
CRITICAL WARNING: [Synth 8-6859] multi-driven net on pin delay_counter[3] with 2nd driver pin 'delay_counter_reg[3]/Q' [D:/2025/Learning/FPGA_Projects/traffic_light_controller/traffic_light_controller.srcs/sources_1/new/top.v:63]
CRITICAL WARNING: [Synth 8-6859] multi-driven net on pin delay_counter[2] with 1st driver pin 'delay_counter_reg[2]__0/Q' [D:/2025/Learning/FPGA_Projects/traffic_light_controller/traffic_light_controller.srcs/sources_1/new/top.v:41]
CRITICAL WARNING: [Synth 8-6859] multi-driven net on pin delay_counter[2] with 2nd driver pin 'delay_counter_reg[2]/Q' [D:/2025/Learning/FPGA_Projects/traffic_light_controller/traffic_light_controller.srcs/sources_1/new/top.v:63]
CRITICAL WARNING: [Synth 8-6859] multi-driven net on pin delay_counter[1] with 1st driver pin 'delay_counter_reg[1]__0/Q' [D:/2025/Learning/FPGA_Projects/traffic_light_controller/traffic_light_controller.srcs/sources_1/new/top.v:41]
CRITICAL WARNING: [Synth 8-6859] multi-driven net on pin delay_counter[1] with 2nd driver pin 'delay_counter_reg[1]/Q' [D:/2025/Learning/FPGA_Projects/traffic_light_controller/traffic_light_controller.srcs/sources_1/new/top.v:63]
CRITICAL WARNING: [Synth 8-6859] multi-driven net on pin delay_counter[0] with 1st driver pin 'delay_counter_reg[0]__0/Q' [D:/2025/Learning/FPGA_Projects/traffic_light_controller/traffic_light_controller.srcs/sources_1/new/top.v:41]
CRITICAL WARNING: [Synth 8-6859] multi-driven net on pin delay_counter[0] with 2nd driver pin 'delay_counter_reg[0]/Q' [D:/2025/Learning/FPGA_Projects/traffic_light_controller/traffic_light_controller.srcs/sources_1/new/top.v:63]

Report Check Netlist: 
+------+------------------+-------+---------+-------+------------------+
|      |Item              |Errors |Warnings |Status |Description       |
+------+------------------+-------+---------+-------+------------------+
|1     |multi_driven_nets |      0|        4|Failed |Multi driven nets |
+------+------------------+-------+---------+-------+------------------+
---------------------------------------------------------------------------------
Start Rebuilding User Hierarchy
---------------------------------------------------------------------------------
---------------------------------------------------------------------------------
Finished Rebuilding User Hierarchy : Time (s): cpu = 00:00:30 ; elapsed = 00:00:39 . Memory (MB): peak = 1962.789 ; gain = 1339.320
---------------------------------------------------------------------------------
---------------------------------------------------------------------------------
Start Renaming Generated Ports
---------------------------------------------------------------------------------
---------------------------------------------------------------------------------
Finished Renaming Generated Ports : Time (s): cpu = 00:00:30 ; elapsed = 00:00:39 . Memory (MB): peak = 1962.789 ; gain = 1339.320
---------------------------------------------------------------------------------
---------------------------------------------------------------------------------
Start Handling Custom Attributes
---------------------------------------------------------------------------------
---------------------------------------------------------------------------------
Finished Handling Custom Attributes : Time (s): cpu = 00:00:30 ; elapsed = 00:00:39 . Memory (MB): peak = 1962.789 ; gain = 1339.320
---------------------------------------------------------------------------------
---------------------------------------------------------------------------------
Start Renaming Generated Nets
---------------------------------------------------------------------------------
---------------------------------------------------------------------------------
Finished Renaming Generated Nets : Time (s): cpu = 00:00:30 ; elapsed = 00:00:39 . Memory (MB): peak = 1962.789 ; gain = 1339.320
---------------------------------------------------------------------------------
---------------------------------------------------------------------------------
Start Writing Synthesis Report
---------------------------------------------------------------------------------

Report BlackBoxes: 
+-+--------------+----------+
| |BlackBox name |Instances |
+-+--------------+----------+
+-+--------------+----------+

Report Cell Usage: 
+------+-----+------+
|      |Cell |Count |
+------+-----+------+
|1     |BUFG |     1|
|2     |LUT1 |     1|
|3     |LUT2 |     2|
|4     |LUT3 |     1|
|5     |LUT4 |     3|
|6     |LUT5 |     5|
|7     |LUT6 |     4|
|8     |FDCE |     8|
|9     |FDPE |     1|
|10    |LD   |     4|
|11    |IBUF |     3|
|12    |OBUF |     4|
+------+-----+------+

Report Instance Areas: 
+------+---------+-------+------+
|      |Instance |Module |Cells |
+------+---------+-------+------+
|1     |top      |       |    37|
+------+---------+-------+------+
---------------------------------------------------------------------------------
Finished Writing Synthesis Report : Time (s): cpu = 00:00:30 ; elapsed = 00:00:39 . Memory (MB): peak = 1962.789 ; gain = 1339.320
---------------------------------------------------------------------------------
Synthesis finished with 0 errors, 8 critical warnings and 2 warnings.
Synthesis Optimization Runtime : Time (s): cpu = 00:00:30 ; elapsed = 00:00:39 . Memory (MB): peak = 1962.789 ; gain = 1339.320
Synthesis Optimization Complete : Time (s): cpu = 00:00:30 ; elapsed = 00:00:39 . Memory (MB): peak = 1962.789 ; gain = 1339.320
INFO: [Project 1-571] Translating synthesized netlist
Netlist sorting complete. Time (s): cpu = 00:00:00 ; elapsed = 00:00:00.002 . Memory (MB): peak = 1962.789 ; gain = 0.000
INFO: [Netlist 29-17] Analyzing 8 Unisim elements for replacement
INFO: [Netlist 29-28] Unisim Transformation completed in 0 CPU seconds
INFO: [Project 1-570] Preparing netlist for logic optimization
INFO: [Opt 31-138] Pushed 0 inverter(s) to 0 load pin(s).
Netlist sorting complete. Time (s): cpu = 00:00:00 ; elapsed = 00:00:00 . Memory (MB): peak = 2048.730 ; gain = 0.000
INFO: [Project 1-111] Unisim Transformation Summary:
  A total of 8 instances were transformed.
  BUFG => BUFGCE: 1 instance 
  IBUF => IBUF (IBUFCTRL, INBUF): 3 instances
  LD => LDCE: 4 instances

Synth Design complete | Checksum: 5ff0883b
INFO: [Common 17-83] Releasing license: Synthesis
21 Infos, 2 Warnings, 8 Critical Warnings and 0 Errors encountered.
synth_design completed successfully
synth_design: Time (s): cpu = 00:00:35 ; elapsed = 00:00:51 . Memory (MB): peak = 2048.730 ; gain = 1430.633
INFO: [runtcl-6] Synthesis results are not added to the cache due to CRITICAL_WARNING
Write ShapeDB Complete: Time (s): cpu = 00:00:00 ; elapsed = 00:00:00.084 . Memory (MB): peak = 2048.730 ; gain = 0.000
INFO: [Common 17-1381] The checkpoint 'D:/2025/Learning/FPGA_Projects/traffic_light_controller/traffic_light_controller.runs/synth_1/top.dcp' has been generated.
INFO: [Vivado 12-24828] Executing command : report_utilization -file top_utilization_synth.rpt -pb top_utilization_synth.pb
INFO: [Common 17-206] Exiting Vivado at Mon May 12 21:52:05 2025...
