
*** Running vivado
    with args -log design_1_wrapper.vds -m64 -product Vivado -mode batch -messageDb vivado.pb -notrace -source design_1_wrapper.tcl



****** Vivado v2024.1 (64-bit)
  **** SW Build 5076996 on Wed May 22 18:37:14 MDT 2024
  **** IP Build 5075265 on Wed May 22 21:45:21 MDT 2024
  **** SharedData Build 5076995 on Wed May 22 18:29:18 MDT 2024
  **** Start of session at: Tue May 27 07:43:15 2025
    ** Copyright 1986-2022 Xilinx, Inc. All Rights Reserved.
    ** Copyright 2022-2024 Advanced Micro Devices, Inc. All Rights Reserved.

source design_1_wrapper.tcl -notrace
create_project: Time (s): cpu = 00:00:11 ; elapsed = 00:00:12 . Memory (MB): peak = 612.020 ; gain = 197.977
INFO: [IP_Flow 19-234] Refreshing IP repositories
INFO: [IP_Flow 19-1704] No user IP repositories specified
INFO: [IP_Flow 19-2313] Loaded Vivado IP repository 'E:/Vivado/2024.1/data/ip'.
Command: synth_design -top design_1_wrapper -part xczu9eg-ffvb1156-2-e
Starting synth_design
Attempting to get a license for feature 'Synthesis' and/or device 'xczu9eg'
INFO: [Common 17-349] Got license for feature 'Synthesis' and/or device 'xczu9eg'
INFO: [Device 21-403] Loading part xczu9eg-ffvb1156-2-e
INFO: [Synth 8-7079] Multithreading enabled for synth_design using a maximum of 2 processes.
INFO: [Synth 8-7078] Launching helper process for spawning children vivado processes
INFO: [Synth 8-7075] Helper process launched with PID 12256
---------------------------------------------------------------------------------
Starting RTL Elaboration : Time (s): cpu = 00:00:09 ; elapsed = 00:00:09 . Memory (MB): peak = 2053.012 ; gain = 404.184
---------------------------------------------------------------------------------
INFO: [Synth 8-6157] synthesizing module 'design_1_wrapper' [d:/2025/Learning/FPGA_Projects/hello_world_sdk/hello_world_sdk.gen/sources_1/bd/design_1/hdl/design_1_wrapper.v:13]
INFO: [Synth 8-6157] synthesizing module 'design_1' [d:/2025/Learning/FPGA_Projects/hello_world_sdk/hello_world_sdk.gen/sources_1/bd/design_1/synth/design_1.v:13]
INFO: [Synth 8-6157] synthesizing module 'design_1_zynq_ultra_ps_e_0_0' [D:/2025/Learning/FPGA_Projects/hello_world_sdk/hello_world_sdk.runs/synth_1/.Xil/Vivado-21952-Soroush/realtime/design_1_zynq_ultra_ps_e_0_0_stub.v:6]
INFO: [Synth 8-6155] done synthesizing module 'design_1_zynq_ultra_ps_e_0_0' (0#1) [D:/2025/Learning/FPGA_Projects/hello_world_sdk/hello_world_sdk.runs/synth_1/.Xil/Vivado-21952-Soroush/realtime/design_1_zynq_ultra_ps_e_0_0_stub.v:6]
WARNING: [Synth 8-7071] port 'maxigp0_awid' of module 'design_1_zynq_ultra_ps_e_0_0' is unconnected for instance 'zynq_ultra_ps_e_0' [d:/2025/Learning/FPGA_Projects/hello_world_sdk/hello_world_sdk.gen/sources_1/bd/design_1/synth/design_1.v:19]
WARNING: [Synth 8-7071] port 'maxigp0_awaddr' of module 'design_1_zynq_ultra_ps_e_0_0' is unconnected for instance 'zynq_ultra_ps_e_0' [d:/2025/Learning/FPGA_Projects/hello_world_sdk/hello_world_sdk.gen/sources_1/bd/design_1/synth/design_1.v:19]
WARNING: [Synth 8-7071] port 'maxigp0_awlen' of module 'design_1_zynq_ultra_ps_e_0_0' is unconnected for instance 'zynq_ultra_ps_e_0' [d:/2025/Learning/FPGA_Projects/hello_world_sdk/hello_world_sdk.gen/sources_1/bd/design_1/synth/design_1.v:19]
WARNING: [Synth 8-7071] port 'maxigp0_awsize' of module 'design_1_zynq_ultra_ps_e_0_0' is unconnected for instance 'zynq_ultra_ps_e_0' [d:/2025/Learning/FPGA_Projects/hello_world_sdk/hello_world_sdk.gen/sources_1/bd/design_1/synth/design_1.v:19]
WARNING: [Synth 8-7071] port 'maxigp0_awburst' of module 'design_1_zynq_ultra_ps_e_0_0' is unconnected for instance 'zynq_ultra_ps_e_0' [d:/2025/Learning/FPGA_Projects/hello_world_sdk/hello_world_sdk.gen/sources_1/bd/design_1/synth/design_1.v:19]
WARNING: [Synth 8-7071] port 'maxigp0_awlock' of module 'design_1_zynq_ultra_ps_e_0_0' is unconnected for instance 'zynq_ultra_ps_e_0' [d:/2025/Learning/FPGA_Projects/hello_world_sdk/hello_world_sdk.gen/sources_1/bd/design_1/synth/design_1.v:19]
WARNING: [Synth 8-7071] port 'maxigp0_awcache' of module 'design_1_zynq_ultra_ps_e_0_0' is unconnected for instance 'zynq_ultra_ps_e_0' [d:/2025/Learning/FPGA_Projects/hello_world_sdk/hello_world_sdk.gen/sources_1/bd/design_1/synth/design_1.v:19]
WARNING: [Synth 8-7071] port 'maxigp0_awprot' of module 'design_1_zynq_ultra_ps_e_0_0' is unconnected for instance 'zynq_ultra_ps_e_0' [d:/2025/Learning/FPGA_Projects/hello_world_sdk/hello_world_sdk.gen/sources_1/bd/design_1/synth/design_1.v:19]
WARNING: [Synth 8-7071] port 'maxigp0_awvalid' of module 'design_1_zynq_ultra_ps_e_0_0' is unconnected for instance 'zynq_ultra_ps_e_0' [d:/2025/Learning/FPGA_Projects/hello_world_sdk/hello_world_sdk.gen/sources_1/bd/design_1/synth/design_1.v:19]
WARNING: [Synth 8-7071] port 'maxigp0_awuser' of module 'design_1_zynq_ultra_ps_e_0_0' is unconnected for instance 'zynq_ultra_ps_e_0' [d:/2025/Learning/FPGA_Projects/hello_world_sdk/hello_world_sdk.gen/sources_1/bd/design_1/synth/design_1.v:19]
WARNING: [Synth 8-7071] port 'maxigp0_wdata' of module 'design_1_zynq_ultra_ps_e_0_0' is unconnected for instance 'zynq_ultra_ps_e_0' [d:/2025/Learning/FPGA_Projects/hello_world_sdk/hello_world_sdk.gen/sources_1/bd/design_1/synth/design_1.v:19]
WARNING: [Synth 8-7071] port 'maxigp0_wstrb' of module 'design_1_zynq_ultra_ps_e_0_0' is unconnected for instance 'zynq_ultra_ps_e_0' [d:/2025/Learning/FPGA_Projects/hello_world_sdk/hello_world_sdk.gen/sources_1/bd/design_1/synth/design_1.v:19]
WARNING: [Synth 8-7071] port 'maxigp0_wlast' of module 'design_1_zynq_ultra_ps_e_0_0' is unconnected for instance 'zynq_ultra_ps_e_0' [d:/2025/Learning/FPGA_Projects/hello_world_sdk/hello_world_sdk.gen/sources_1/bd/design_1/synth/design_1.v:19]
WARNING: [Synth 8-7071] port 'maxigp0_wvalid' of module 'design_1_zynq_ultra_ps_e_0_0' is unconnected for instance 'zynq_ultra_ps_e_0' [d:/2025/Learning/FPGA_Projects/hello_world_sdk/hello_world_sdk.gen/sources_1/bd/design_1/synth/design_1.v:19]
WARNING: [Synth 8-7071] port 'maxigp0_bready' of module 'design_1_zynq_ultra_ps_e_0_0' is unconnected for instance 'zynq_ultra_ps_e_0' [d:/2025/Learning/FPGA_Projects/hello_world_sdk/hello_world_sdk.gen/sources_1/bd/design_1/synth/design_1.v:19]
WARNING: [Synth 8-7071] port 'maxigp0_arid' of module 'design_1_zynq_ultra_ps_e_0_0' is unconnected for instance 'zynq_ultra_ps_e_0' [d:/2025/Learning/FPGA_Projects/hello_world_sdk/hello_world_sdk.gen/sources_1/bd/design_1/synth/design_1.v:19]
WARNING: [Synth 8-7071] port 'maxigp0_araddr' of module 'design_1_zynq_ultra_ps_e_0_0' is unconnected for instance 'zynq_ultra_ps_e_0' [d:/2025/Learning/FPGA_Projects/hello_world_sdk/hello_world_sdk.gen/sources_1/bd/design_1/synth/design_1.v:19]
WARNING: [Synth 8-7071] port 'maxigp0_arlen' of module 'design_1_zynq_ultra_ps_e_0_0' is unconnected for instance 'zynq_ultra_ps_e_0' [d:/2025/Learning/FPGA_Projects/hello_world_sdk/hello_world_sdk.gen/sources_1/bd/design_1/synth/design_1.v:19]
WARNING: [Synth 8-7071] port 'maxigp0_arsize' of module 'design_1_zynq_ultra_ps_e_0_0' is unconnected for instance 'zynq_ultra_ps_e_0' [d:/2025/Learning/FPGA_Projects/hello_world_sdk/hello_world_sdk.gen/sources_1/bd/design_1/synth/design_1.v:19]
WARNING: [Synth 8-7071] port 'maxigp0_arburst' of module 'design_1_zynq_ultra_ps_e_0_0' is unconnected for instance 'zynq_ultra_ps_e_0' [d:/2025/Learning/FPGA_Projects/hello_world_sdk/hello_world_sdk.gen/sources_1/bd/design_1/synth/design_1.v:19]
WARNING: [Synth 8-7071] port 'maxigp0_arlock' of module 'design_1_zynq_ultra_ps_e_0_0' is unconnected for instance 'zynq_ultra_ps_e_0' [d:/2025/Learning/FPGA_Projects/hello_world_sdk/hello_world_sdk.gen/sources_1/bd/design_1/synth/design_1.v:19]
WARNING: [Synth 8-7071] port 'maxigp0_arcache' of module 'design_1_zynq_ultra_ps_e_0_0' is unconnected for instance 'zynq_ultra_ps_e_0' [d:/2025/Learning/FPGA_Projects/hello_world_sdk/hello_world_sdk.gen/sources_1/bd/design_1/synth/design_1.v:19]
WARNING: [Synth 8-7071] port 'maxigp0_arprot' of module 'design_1_zynq_ultra_ps_e_0_0' is unconnected for instance 'zynq_ultra_ps_e_0' [d:/2025/Learning/FPGA_Projects/hello_world_sdk/hello_world_sdk.gen/sources_1/bd/design_1/synth/design_1.v:19]
WARNING: [Synth 8-7071] port 'maxigp0_arvalid' of module 'design_1_zynq_ultra_ps_e_0_0' is unconnected for instance 'zynq_ultra_ps_e_0' [d:/2025/Learning/FPGA_Projects/hello_world_sdk/hello_world_sdk.gen/sources_1/bd/design_1/synth/design_1.v:19]
WARNING: [Synth 8-7071] port 'maxigp0_aruser' of module 'design_1_zynq_ultra_ps_e_0_0' is unconnected for instance 'zynq_ultra_ps_e_0' [d:/2025/Learning/FPGA_Projects/hello_world_sdk/hello_world_sdk.gen/sources_1/bd/design_1/synth/design_1.v:19]
WARNING: [Synth 8-7071] port 'maxigp0_rready' of module 'design_1_zynq_ultra_ps_e_0_0' is unconnected for instance 'zynq_ultra_ps_e_0' [d:/2025/Learning/FPGA_Projects/hello_world_sdk/hello_world_sdk.gen/sources_1/bd/design_1/synth/design_1.v:19]
WARNING: [Synth 8-7071] port 'maxigp0_awqos' of module 'design_1_zynq_ultra_ps_e_0_0' is unconnected for instance 'zynq_ultra_ps_e_0' [d:/2025/Learning/FPGA_Projects/hello_world_sdk/hello_world_sdk.gen/sources_1/bd/design_1/synth/design_1.v:19]
WARNING: [Synth 8-7071] port 'maxigp0_arqos' of module 'design_1_zynq_ultra_ps_e_0_0' is unconnected for instance 'zynq_ultra_ps_e_0' [d:/2025/Learning/FPGA_Projects/hello_world_sdk/hello_world_sdk.gen/sources_1/bd/design_1/synth/design_1.v:19]
WARNING: [Synth 8-7071] port 'maxigp1_awid' of module 'design_1_zynq_ultra_ps_e_0_0' is unconnected for instance 'zynq_ultra_ps_e_0' [d:/2025/Learning/FPGA_Projects/hello_world_sdk/hello_world_sdk.gen/sources_1/bd/design_1/synth/design_1.v:19]
WARNING: [Synth 8-7071] port 'maxigp1_awaddr' of module 'design_1_zynq_ultra_ps_e_0_0' is unconnected for instance 'zynq_ultra_ps_e_0' [d:/2025/Learning/FPGA_Projects/hello_world_sdk/hello_world_sdk.gen/sources_1/bd/design_1/synth/design_1.v:19]
WARNING: [Synth 8-7071] port 'maxigp1_awlen' of module 'design_1_zynq_ultra_ps_e_0_0' is unconnected for instance 'zynq_ultra_ps_e_0' [d:/2025/Learning/FPGA_Projects/hello_world_sdk/hello_world_sdk.gen/sources_1/bd/design_1/synth/design_1.v:19]
WARNING: [Synth 8-7071] port 'maxigp1_awsize' of module 'design_1_zynq_ultra_ps_e_0_0' is unconnected for instance 'zynq_ultra_ps_e_0' [d:/2025/Learning/FPGA_Projects/hello_world_sdk/hello_world_sdk.gen/sources_1/bd/design_1/synth/design_1.v:19]
WARNING: [Synth 8-7071] port 'maxigp1_awburst' of module 'design_1_zynq_ultra_ps_e_0_0' is unconnected for instance 'zynq_ultra_ps_e_0' [d:/2025/Learning/FPGA_Projects/hello_world_sdk/hello_world_sdk.gen/sources_1/bd/design_1/synth/design_1.v:19]
WARNING: [Synth 8-7071] port 'maxigp1_awlock' of module 'design_1_zynq_ultra_ps_e_0_0' is unconnected for instance 'zynq_ultra_ps_e_0' [d:/2025/Learning/FPGA_Projects/hello_world_sdk/hello_world_sdk.gen/sources_1/bd/design_1/synth/design_1.v:19]
WARNING: [Synth 8-7071] port 'maxigp1_awcache' of module 'design_1_zynq_ultra_ps_e_0_0' is unconnected for instance 'zynq_ultra_ps_e_0' [d:/2025/Learning/FPGA_Projects/hello_world_sdk/hello_world_sdk.gen/sources_1/bd/design_1/synth/design_1.v:19]
WARNING: [Synth 8-7071] port 'maxigp1_awprot' of module 'design_1_zynq_ultra_ps_e_0_0' is unconnected for instance 'zynq_ultra_ps_e_0' [d:/2025/Learning/FPGA_Projects/hello_world_sdk/hello_world_sdk.gen/sources_1/bd/design_1/synth/design_1.v:19]
WARNING: [Synth 8-7071] port 'maxigp1_awvalid' of module 'design_1_zynq_ultra_ps_e_0_0' is unconnected for instance 'zynq_ultra_ps_e_0' [d:/2025/Learning/FPGA_Projects/hello_world_sdk/hello_world_sdk.gen/sources_1/bd/design_1/synth/design_1.v:19]
WARNING: [Synth 8-7071] port 'maxigp1_awuser' of module 'design_1_zynq_ultra_ps_e_0_0' is unconnected for instance 'zynq_ultra_ps_e_0' [d:/2025/Learning/FPGA_Projects/hello_world_sdk/hello_world_sdk.gen/sources_1/bd/design_1/synth/design_1.v:19]
WARNING: [Synth 8-7071] port 'maxigp1_wdata' of module 'design_1_zynq_ultra_ps_e_0_0' is unconnected for instance 'zynq_ultra_ps_e_0' [d:/2025/Learning/FPGA_Projects/hello_world_sdk/hello_world_sdk.gen/sources_1/bd/design_1/synth/design_1.v:19]
WARNING: [Synth 8-7071] port 'maxigp1_wstrb' of module 'design_1_zynq_ultra_ps_e_0_0' is unconnected for instance 'zynq_ultra_ps_e_0' [d:/2025/Learning/FPGA_Projects/hello_world_sdk/hello_world_sdk.gen/sources_1/bd/design_1/synth/design_1.v:19]
WARNING: [Synth 8-7071] port 'maxigp1_wlast' of module 'design_1_zynq_ultra_ps_e_0_0' is unconnected for instance 'zynq_ultra_ps_e_0' [d:/2025/Learning/FPGA_Projects/hello_world_sdk/hello_world_sdk.gen/sources_1/bd/design_1/synth/design_1.v:19]
WARNING: [Synth 8-7071] port 'maxigp1_wvalid' of module 'design_1_zynq_ultra_ps_e_0_0' is unconnected for instance 'zynq_ultra_ps_e_0' [d:/2025/Learning/FPGA_Projects/hello_world_sdk/hello_world_sdk.gen/sources_1/bd/design_1/synth/design_1.v:19]
WARNING: [Synth 8-7071] port 'maxigp1_bready' of module 'design_1_zynq_ultra_ps_e_0_0' is unconnected for instance 'zynq_ultra_ps_e_0' [d:/2025/Learning/FPGA_Projects/hello_world_sdk/hello_world_sdk.gen/sources_1/bd/design_1/synth/design_1.v:19]
WARNING: [Synth 8-7071] port 'maxigp1_arid' of module 'design_1_zynq_ultra_ps_e_0_0' is unconnected for instance 'zynq_ultra_ps_e_0' [d:/2025/Learning/FPGA_Projects/hello_world_sdk/hello_world_sdk.gen/sources_1/bd/design_1/synth/design_1.v:19]
WARNING: [Synth 8-7071] port 'maxigp1_araddr' of module 'design_1_zynq_ultra_ps_e_0_0' is unconnected for instance 'zynq_ultra_ps_e_0' [d:/2025/Learning/FPGA_Projects/hello_world_sdk/hello_world_sdk.gen/sources_1/bd/design_1/synth/design_1.v:19]
WARNING: [Synth 8-7071] port 'maxigp1_arlen' of module 'design_1_zynq_ultra_ps_e_0_0' is unconnected for instance 'zynq_ultra_ps_e_0' [d:/2025/Learning/FPGA_Projects/hello_world_sdk/hello_world_sdk.gen/sources_1/bd/design_1/synth/design_1.v:19]
WARNING: [Synth 8-7071] port 'maxigp1_arsize' of module 'design_1_zynq_ultra_ps_e_0_0' is unconnected for instance 'zynq_ultra_ps_e_0' [d:/2025/Learning/FPGA_Projects/hello_world_sdk/hello_world_sdk.gen/sources_1/bd/design_1/synth/design_1.v:19]
WARNING: [Synth 8-7071] port 'maxigp1_arburst' of module 'design_1_zynq_ultra_ps_e_0_0' is unconnected for instance 'zynq_ultra_ps_e_0' [d:/2025/Learning/FPGA_Projects/hello_world_sdk/hello_world_sdk.gen/sources_1/bd/design_1/synth/design_1.v:19]
WARNING: [Synth 8-7071] port 'maxigp1_arlock' of module 'design_1_zynq_ultra_ps_e_0_0' is unconnected for instance 'zynq_ultra_ps_e_0' [d:/2025/Learning/FPGA_Projects/hello_world_sdk/hello_world_sdk.gen/sources_1/bd/design_1/synth/design_1.v:19]
WARNING: [Synth 8-7071] port 'maxigp1_arcache' of module 'design_1_zynq_ultra_ps_e_0_0' is unconnected for instance 'zynq_ultra_ps_e_0' [d:/2025/Learning/FPGA_Projects/hello_world_sdk/hello_world_sdk.gen/sources_1/bd/design_1/synth/design_1.v:19]
WARNING: [Synth 8-7071] port 'maxigp1_arprot' of module 'design_1_zynq_ultra_ps_e_0_0' is unconnected for instance 'zynq_ultra_ps_e_0' [d:/2025/Learning/FPGA_Projects/hello_world_sdk/hello_world_sdk.gen/sources_1/bd/design_1/synth/design_1.v:19]
WARNING: [Synth 8-7071] port 'maxigp1_arvalid' of module 'design_1_zynq_ultra_ps_e_0_0' is unconnected for instance 'zynq_ultra_ps_e_0' [d:/2025/Learning/FPGA_Projects/hello_world_sdk/hello_world_sdk.gen/sources_1/bd/design_1/synth/design_1.v:19]
WARNING: [Synth 8-7071] port 'maxigp1_aruser' of module 'design_1_zynq_ultra_ps_e_0_0' is unconnected for instance 'zynq_ultra_ps_e_0' [d:/2025/Learning/FPGA_Projects/hello_world_sdk/hello_world_sdk.gen/sources_1/bd/design_1/synth/design_1.v:19]
WARNING: [Synth 8-7071] port 'maxigp1_rready' of module 'design_1_zynq_ultra_ps_e_0_0' is unconnected for instance 'zynq_ultra_ps_e_0' [d:/2025/Learning/FPGA_Projects/hello_world_sdk/hello_world_sdk.gen/sources_1/bd/design_1/synth/design_1.v:19]
WARNING: [Synth 8-7071] port 'maxigp1_awqos' of module 'design_1_zynq_ultra_ps_e_0_0' is unconnected for instance 'zynq_ultra_ps_e_0' [d:/2025/Learning/FPGA_Projects/hello_world_sdk/hello_world_sdk.gen/sources_1/bd/design_1/synth/design_1.v:19]
WARNING: [Synth 8-7071] port 'maxigp1_arqos' of module 'design_1_zynq_ultra_ps_e_0_0' is unconnected for instance 'zynq_ultra_ps_e_0' [d:/2025/Learning/FPGA_Projects/hello_world_sdk/hello_world_sdk.gen/sources_1/bd/design_1/synth/design_1.v:19]
WARNING: [Synth 8-7071] port 'pl_resetn0' of module 'design_1_zynq_ultra_ps_e_0_0' is unconnected for instance 'zynq_ultra_ps_e_0' [d:/2025/Learning/FPGA_Projects/hello_world_sdk/hello_world_sdk.gen/sources_1/bd/design_1/synth/design_1.v:19]
WARNING: [Synth 8-7023] instance 'zynq_ultra_ps_e_0' of module 'design_1_zynq_ultra_ps_e_0_0' has 83 connections declared, but only 26 given [d:/2025/Learning/FPGA_Projects/hello_world_sdk/hello_world_sdk.gen/sources_1/bd/design_1/synth/design_1.v:19]
INFO: [Synth 8-6155] done synthesizing module 'design_1' (0#1) [d:/2025/Learning/FPGA_Projects/hello_world_sdk/hello_world_sdk.gen/sources_1/bd/design_1/synth/design_1.v:13]
INFO: [Synth 8-6155] done synthesizing module 'design_1_wrapper' (0#1) [d:/2025/Learning/FPGA_Projects/hello_world_sdk/hello_world_sdk.gen/sources_1/bd/design_1/hdl/design_1_wrapper.v:13]
---------------------------------------------------------------------------------
Finished RTL Elaboration : Time (s): cpu = 00:00:11 ; elapsed = 00:00:12 . Memory (MB): peak = 2162.715 ; gain = 513.887
---------------------------------------------------------------------------------
---------------------------------------------------------------------------------
Start Handling Custom Attributes
---------------------------------------------------------------------------------
---------------------------------------------------------------------------------
Finished Handling Custom Attributes : Time (s): cpu = 00:00:12 ; elapsed = 00:00:12 . Memory (MB): peak = 2162.715 ; gain = 513.887
---------------------------------------------------------------------------------
---------------------------------------------------------------------------------
Finished RTL Optimization Phase 1 : Time (s): cpu = 00:00:12 ; elapsed = 00:00:12 . Memory (MB): peak = 2162.715 ; gain = 513.887
---------------------------------------------------------------------------------
Netlist sorting complete. Time (s): cpu = 00:00:00 ; elapsed = 00:00:00.004 . Memory (MB): peak = 2162.715 ; gain = 0.000
INFO: [Project 1-570] Preparing netlist for logic optimization

Processing XDC Constraints
Initializing timing engine
Parsing XDC File [d:/2025/Learning/FPGA_Projects/hello_world_sdk/hello_world_sdk.gen/sources_1/bd/design_1/ip/design_1_zynq_ultra_ps_e_0_0/design_1_zynq_ultra_ps_e_0_0/design_1_zynq_ultra_ps_e_0_0_in_context.xdc] for cell 'design_1_i/zynq_ultra_ps_e_0'
create_clock: Time (s): cpu = 00:00:09 ; elapsed = 00:00:09 . Memory (MB): peak = 2175.648 ; gain = 0.750
Finished Parsing XDC File [d:/2025/Learning/FPGA_Projects/hello_world_sdk/hello_world_sdk.gen/sources_1/bd/design_1/ip/design_1_zynq_ultra_ps_e_0_0/design_1_zynq_ultra_ps_e_0_0/design_1_zynq_ultra_ps_e_0_0_in_context.xdc] for cell 'design_1_i/zynq_ultra_ps_e_0'
Parsing XDC File [D:/2025/Learning/FPGA_Projects/hello_world_sdk/hello_world_sdk.runs/synth_1/dont_touch.xdc]
Finished Parsing XDC File [D:/2025/Learning/FPGA_Projects/hello_world_sdk/hello_world_sdk.runs/synth_1/dont_touch.xdc]
Completed Processing XDC Constraints

Netlist sorting complete. Time (s): cpu = 00:00:00 ; elapsed = 00:00:00 . Memory (MB): peak = 2175.648 ; gain = 0.000
INFO: [Project 1-111] Unisim Transformation Summary:
No Unisim elements were transformed.

Constraint Validation Runtime : Time (s): cpu = 00:00:00 ; elapsed = 00:00:00.005 . Memory (MB): peak = 2175.648 ; gain = 0.000
---------------------------------------------------------------------------------
Finished Constraint Validation : Time (s): cpu = 00:00:36 ; elapsed = 00:00:37 . Memory (MB): peak = 2175.648 ; gain = 526.820
---------------------------------------------------------------------------------
---------------------------------------------------------------------------------
Start Loading Part and Timing Information
---------------------------------------------------------------------------------
Loading part: xczu9eg-ffvb1156-2-e
INFO: [Synth 8-6742] Reading net delay rules and data
---------------------------------------------------------------------------------
Finished Loading Part and Timing Information : Time (s): cpu = 00:00:36 ; elapsed = 00:00:37 . Memory (MB): peak = 2175.648 ; gain = 526.820
---------------------------------------------------------------------------------
---------------------------------------------------------------------------------
Start Applying 'set_property' XDC Constraints
---------------------------------------------------------------------------------
Applied set_property KEEP_HIERARCHY = SOFT for design_1_i. (constraint file  auto generated constraint).
Applied set_property KEEP_HIERARCHY = SOFT for design_1_i/zynq_ultra_ps_e_0. (constraint file  auto generated constraint).
---------------------------------------------------------------------------------
Finished applying 'set_property' XDC Constraints : Time (s): cpu = 00:00:36 ; elapsed = 00:00:37 . Memory (MB): peak = 2175.648 ; gain = 526.820
---------------------------------------------------------------------------------
---------------------------------------------------------------------------------
Finished RTL Optimization Phase 2 : Time (s): cpu = 00:00:36 ; elapsed = 00:00:37 . Memory (MB): peak = 2175.648 ; gain = 526.820
---------------------------------------------------------------------------------
---------------------------------------------------------------------------------
Start RTL Component Statistics 
---------------------------------------------------------------------------------
Detailed RTL Component Info : 
---------------------------------------------------------------------------------
Finished RTL Component Statistics 
---------------------------------------------------------------------------------
---------------------------------------------------------------------------------
Start Part Resource Summary
---------------------------------------------------------------------------------
Part Resources:
DSPs: 2520 (col length:168)
BRAMs: 1824 (col length: RAMB18 168 RAMB36 84)
---------------------------------------------------------------------------------
Finished Part Resource Summary
---------------------------------------------------------------------------------
---------------------------------------------------------------------------------
Start Cross Boundary and Area Optimization
---------------------------------------------------------------------------------
WARNING: [Synth 8-7080] Parallel synthesis criteria is not met
---------------------------------------------------------------------------------
Finished Cross Boundary and Area Optimization : Time (s): cpu = 00:00:39 ; elapsed = 00:00:40 . Memory (MB): peak = 2175.648 ; gain = 526.820
---------------------------------------------------------------------------------
---------------------------------------------------------------------------------
Start Applying XDC Timing Constraints
---------------------------------------------------------------------------------
---------------------------------------------------------------------------------
Finished Applying XDC Timing Constraints : Time (s): cpu = 00:01:01 ; elapsed = 00:01:03 . Memory (MB): peak = 2660.270 ; gain = 1011.441
---------------------------------------------------------------------------------
---------------------------------------------------------------------------------
Start Timing Optimization
---------------------------------------------------------------------------------
---------------------------------------------------------------------------------
Finished Timing Optimization : Time (s): cpu = 00:01:01 ; elapsed = 00:01:03 . Memory (MB): peak = 2660.270 ; gain = 1011.441
---------------------------------------------------------------------------------
---------------------------------------------------------------------------------
Start Technology Mapping
---------------------------------------------------------------------------------
---------------------------------------------------------------------------------
Finished Technology Mapping : Time (s): cpu = 00:01:01 ; elapsed = 00:01:03 . Memory (MB): peak = 2670.066 ; gain = 1021.238
---------------------------------------------------------------------------------
---------------------------------------------------------------------------------
Start IO Insertion
---------------------------------------------------------------------------------
---------------------------------------------------------------------------------
Start Flattening Before IO Insertion
---------------------------------------------------------------------------------
---------------------------------------------------------------------------------
Finished Flattening Before IO Insertion
---------------------------------------------------------------------------------
---------------------------------------------------------------------------------
Start Final Netlist Cleanup
---------------------------------------------------------------------------------
---------------------------------------------------------------------------------
Finished Final Netlist Cleanup
---------------------------------------------------------------------------------
---------------------------------------------------------------------------------
Finished IO Insertion : Time (s): cpu = 00:01:10 ; elapsed = 00:01:13 . Memory (MB): peak = 2685.855 ; gain = 1037.027
---------------------------------------------------------------------------------
---------------------------------------------------------------------------------
Start Renaming Generated Instances
---------------------------------------------------------------------------------
---------------------------------------------------------------------------------
Finished Renaming Generated Instances : Time (s): cpu = 00:01:10 ; elapsed = 00:01:13 . Memory (MB): peak = 2685.855 ; gain = 1037.027
---------------------------------------------------------------------------------
---------------------------------------------------------------------------------
Start Rebuilding User Hierarchy
---------------------------------------------------------------------------------
---------------------------------------------------------------------------------
Finished Rebuilding User Hierarchy : Time (s): cpu = 00:01:10 ; elapsed = 00:01:13 . Memory (MB): peak = 2685.855 ; gain = 1037.027
---------------------------------------------------------------------------------
---------------------------------------------------------------------------------
Start Renaming Generated Ports
---------------------------------------------------------------------------------
---------------------------------------------------------------------------------
Finished Renaming Generated Ports : Time (s): cpu = 00:01:10 ; elapsed = 00:01:13 . Memory (MB): peak = 2685.855 ; gain = 1037.027
---------------------------------------------------------------------------------
---------------------------------------------------------------------------------
Start Handling Custom Attributes
---------------------------------------------------------------------------------
---------------------------------------------------------------------------------
Finished Handling Custom Attributes : Time (s): cpu = 00:01:10 ; elapsed = 00:01:13 . Memory (MB): peak = 2685.855 ; gain = 1037.027
---------------------------------------------------------------------------------
---------------------------------------------------------------------------------
Start Renaming Generated Nets
---------------------------------------------------------------------------------
---------------------------------------------------------------------------------
Finished Renaming Generated Nets : Time (s): cpu = 00:01:10 ; elapsed = 00:01:13 . Memory (MB): peak = 2685.855 ; gain = 1037.027
---------------------------------------------------------------------------------
---------------------------------------------------------------------------------
Start Writing Synthesis Report
---------------------------------------------------------------------------------

Report BlackBoxes: 
+------+-----------------------------+----------+
|      |BlackBox name                |Instances |
+------+-----------------------------+----------+
|1     |design_1_zynq_ultra_ps_e_0_0 |         1|
+------+-----------------------------+----------+

Report Cell Usage: 
+------+---------------------------+------+
|      |Cell                       |Count |
+------+---------------------------+------+
|1     |design_1_zynq_ultra_ps_e_0 |     1|
+------+---------------------------+------+
---------------------------------------------------------------------------------
Finished Writing Synthesis Report : Time (s): cpu = 00:01:10 ; elapsed = 00:01:13 . Memory (MB): peak = 2685.855 ; gain = 1037.027
---------------------------------------------------------------------------------
Synthesis finished with 0 errors, 0 critical warnings and 1 warnings.
Synthesis Optimization Runtime : Time (s): cpu = 00:00:47 ; elapsed = 00:01:00 . Memory (MB): peak = 2685.855 ; gain = 1024.094
Synthesis Optimization Complete : Time (s): cpu = 00:01:11 ; elapsed = 00:01:14 . Memory (MB): peak = 2685.855 ; gain = 1037.027
INFO: [Project 1-571] Translating synthesized netlist
Netlist sorting complete. Time (s): cpu = 00:00:00 ; elapsed = 00:00:00.004 . Memory (MB): peak = 2685.855 ; gain = 0.000
INFO: [Project 1-570] Preparing netlist for logic optimization
INFO: [Opt 31-138] Pushed 0 inverter(s) to 0 load pin(s).
Netlist sorting complete. Time (s): cpu = 00:00:00 ; elapsed = 00:00:00 . Memory (MB): peak = 2685.855 ; gain = 0.000
INFO: [Project 1-111] Unisim Transformation Summary:
No Unisim elements were transformed.

Synth Design complete | Checksum: 11b01d53
INFO: [Common 17-83] Releasing license: Synthesis
22 Infos, 59 Warnings, 0 Critical Warnings and 0 Errors encountered.
synth_design completed successfully
synth_design: Time (s): cpu = 00:01:27 ; elapsed = 00:01:32 . Memory (MB): peak = 2685.855 ; gain = 2009.359
INFO: [Common 17-1381] The checkpoint 'D:/2025/Learning/FPGA_Projects/hello_world_sdk/hello_world_sdk.runs/synth_1/design_1_wrapper.dcp' has been generated.
INFO: [Vivado 12-24828] Executing command : report_utilization -file design_1_wrapper_utilization_synth.rpt -pb design_1_wrapper_utilization_synth.pb
INFO: [Common 17-206] Exiting Vivado at Tue May 27 07:45:10 2025...
