#-----------------------------------------------------------
# Vivado v2024.1 (64-bit)
# SW Build 5076996 on Wed May 22 18:37:14 MDT 2024
# IP Build 5075265 on Wed May 22 21:45:21 MDT 2024
# SharedData Build 5076995 on Wed May 22 18:29:18 MDT 2024
# Start of session at: Tue May 27 07:24:26 2025
# Process ID: 18256
# Current directory: D:/2025/Learning/FPGA_Projects/data_flow_modeling
# Command line: vivado.exe -gui_launcher_event rodinguilauncherevent14144 D:\2025\Learning\FPGA_Projects\data_flow_modeling\data_flow_modeling.xpr
# Log file: D:/2025/Learning/FPGA_Projects/data_flow_modeling/vivado.log
# Journal file: D:/2025/Learning/FPGA_Projects/data_flow_modeling\vivado.jou
# Running On        :Soroush
# Platform          :Windows Server 2016 or Windows 10
# Operating System  :26100
# Processor Detail  :Intel(R) Core(TM) i5-10210U CPU @ 1.60GHz
# CPU Frequency     :2112 MHz
# CPU Physical cores:4
# CPU Logical cores :8
# Host memory       :12679 MB
# Swap memory       :19327 MB
# Total Virtual     :32006 MB
# Available Virtual :25852 MB
#-----------------------------------------------------------
start_gui
open_project D:/2025/Learning/FPGA_Projects/data_flow_modeling/data_flow_modeling.xpr
WARNING: [Board 49-26] cannot add Board Part xilinx.com:vek280_es:part0:1.0 available at E:/Vivado/2024.1/data/xhub/boards/XilinxBoardStore/boards/Xilinx/vek280/es/rev_a/1.0/board.xml as part xcve2802-vsvh1760-2lp-e-s-es1 specified in board_part file is either invalid or not available
WARNING: [Board 49-26] cannot add Board Part xilinx.com:vek280_es:part0:1.1 available at E:/Vivado/2024.1/data/xhub/boards/XilinxBoardStore/boards/Xilinx/vek280/es/rev_a/1.1/board.xml as part xcve2802-vsvh1760-2lp-e-s-es1 specified in board_part file is either invalid or not available
WARNING: [Board 49-26] cannot add Board Part xilinx.com:vek280_es_revb:part0:1.0 available at E:/Vivado/2024.1/data/xhub/boards/XilinxBoardStore/boards/Xilinx/vek280/es/rev_b/1.0/board.xml as part xcve2802-vsvh1760-2mp-e-s-es1 specified in board_part file is either invalid or not available
WARNING: [Board 49-26] cannot add Board Part xilinx.com:vek280_es_revb:part0:1.1 available at E:/Vivado/2024.1/data/xhub/boards/XilinxBoardStore/boards/Xilinx/vek280/es/rev_b/1.1/board.xml as part xcve2802-vsvh1760-2mp-e-s-es1 specified in board_part file is either invalid or not available
WARNING: [Board 49-26] cannot add Board Part xilinx.com:vhk158_es:part0:1.0 available at E:/Vivado/2024.1/data/xhub/boards/XilinxBoardStore/boards/Xilinx/vhk158/es/1.0/board.xml as part xcvh1582-vsva3697-2mp-e-s-es1 specified in board_part file is either invalid or not available
WARNING: [Board 49-26] cannot add Board Part xilinx.com:vhk158_es:part0:1.1 available at E:/Vivado/2024.1/data/xhub/boards/XilinxBoardStore/boards/Xilinx/vhk158/es/1.1/board.xml as part xcvh1582-vsva3697-2mp-e-s-es1 specified in board_part file is either invalid or not available
WARNING: [Board 49-26] cannot add Board Part xilinx.com:zcu208ld:part0:2.0 available at E:/Vivado/2024.1/data/xhub/boards/XilinxBoardStore/boards/Xilinx/zcu208ld/production/2.0/board.xml as part xczu58dr-fsvg1517-2-i specified in board_part file is either invalid or not available
WARNING: [Board 49-26] cannot add Board Part xilinx.com:zcu216ld:part0:2.0 available at E:/Vivado/2024.1/data/xhub/boards/XilinxBoardStore/boards/Xilinx/zcu216ld/production/2.0/board.xml as part xczu59dr-ffvf1760-2-i specified in board_part file is either invalid or not available
WARNING: [Board 49-26] cannot add Board Part xilinx.com:zcu670ld:part0:1.0 available at E:/Vivado/2024.1/data/xhub/boards/XilinxBoardStore/boards/Xilinx/zcu670ld/1.0/board.xml as part xczu57dr-fsve1156-2-i specified in board_part file is either invalid or not available
INFO: [filemgmt 56-3] Default IP Output Path : Could not find the directory 'D:/2025/Learning/FPGA_Projects/data_flow_modeling/data_flow_modeling.gen/sources_1'.
Scanning sources...
Finished scanning sources
INFO: [IP_Flow 19-234] Refreshing IP repositories
INFO: [IP_Flow 19-1704] No user IP repositories specified
INFO: [IP_Flow 19-2313] Loaded Vivado IP repository 'E:/Vivado/2024.1/data/ip'.
open_project: Time (s): cpu = 00:01:18 ; elapsed = 00:00:39 . Memory (MB): peak = 1618.297 ; gain = 413.227
update_compile_order -fileset sources_1
reset_run impl_1 -prev_step 
launch_runs impl_1 -to_step write_bitstream -jobs 6
[Tue May 27 07:28:08 2025] Launched impl_1...
Run output will be captured here: D:/2025/Learning/FPGA_Projects/data_flow_modeling/data_flow_modeling.runs/impl_1/runme.log
reset_run synth_1
INFO: [Project 1-1161] Replacing file D:/2025/Learning/FPGA_Projects/data_flow_modeling/data_flow_modeling.srcs/utils_1/imports/synth_1/four_to_one_mux_DF.dcp with file D:/2025/Learning/FPGA_Projects/data_flow_modeling/data_flow_modeling.runs/synth_1/four_to_one_mux_DF.dcp
launch_runs impl_1 -to_step write_bitstream -jobs 6
[Tue May 27 07:33:12 2025] Launched synth_1...
Run output will be captured here: D:/2025/Learning/FPGA_Projects/data_flow_modeling/data_flow_modeling.runs/synth_1/runme.log
[Tue May 27 07:33:12 2025] Launched impl_1...
Run output will be captured here: D:/2025/Learning/FPGA_Projects/data_flow_modeling/data_flow_modeling.runs/impl_1/runme.log
reset_run impl_1
reset_run synth_1
WARNING: [Vivado 12-1017] Problems encountered:
1. Failed to delete one or more files in run directory D:/2025/Learning/FPGA_Projects/data_flow_modeling/data_flow_modeling.runs/synth_1

exit
INFO: [Common 17-206] Exiting Vivado at Tue May 27 07:35:55 2025...
