#-----------------------------------------------------------
# Vivado v2024.1 (64-bit)
# SW Build 5076996 on Wed May 22 18:37:14 MDT 2024
# IP Build 5075265 on Wed May 22 21:45:21 MDT 2024
# SharedData Build 5076995 on Wed May 22 18:29:18 MDT 2024
# Start of session at: Fri May  2 12:15:58 2025
# Process ID: 38120
# Current directory: D:/2025/Learning/FPGA_Projects/data_flow_modeling/data_flow_modeling.runs/impl_1
# Command line: vivado.exe -log four_to_one_mux_DF.vdi -applog -product Vivado -messageDb vivado.pb -mode batch -source four_to_one_mux_DF.tcl -notrace
# Log file: D:/2025/Learning/FPGA_Projects/data_flow_modeling/data_flow_modeling.runs/impl_1/four_to_one_mux_DF.vdi
# Journal file: D:/2025/Learning/FPGA_Projects/data_flow_modeling/data_flow_modeling.runs/impl_1\vivado.jou
# Running On        :Soroush
# Platform          :Windows Server 2016 or Windows 10
# Operating System  :26100
# Processor Detail  :Intel(R) Core(TM) i5-10210U CPU @ 1.60GHz
# CPU Frequency     :2112 MHz
# CPU Physical cores:4
# CPU Logical cores :8
# Host memory       :12679 MB
# Swap memory       :16617 MB
# Total Virtual     :29297 MB
# Available Virtual :3904 MB
#-----------------------------------------------------------
source four_to_one_mux_DF.tcl -notrace
