
*** Running vivado
    with args -log design_1_auto_pc_1.vds -m64 -product Vivado -mode batch -messageDb vivado.pb -notrace -source design_1_auto_pc_1.tcl



****** Vivado v2024.1 (64-bit)
  **** SW Build 5076996 on Wed May 22 18:37:14 MDT 2024
  **** IP Build 5075265 on Wed May 22 21:45:21 MDT 2024
  **** SharedData Build 5076995 on Wed May 22 18:29:18 MDT 2024
  **** Start of session at: Wed Jun 25 21:40:21 2025
    ** Copyright 1986-2022 Xilinx, Inc. All Rights Reserved.
    ** Copyright 2022-2024 Advanced Micro Devices, Inc. All Rights Reserved.

source design_1_auto_pc_1.tcl -notrace
create_project: Time (s): cpu = 00:00:14 ; elapsed = 00:00:21 . Memory (MB): peak = 613.938 ; gain = 200.762
INFO: [IP_Flow 19-6924] IPCACHE: Running cache check for IP inst: design_1_auto_pc_1
INFO: [IP_Flow 19-6922] IPCACHE: Exporting cached entry c993b29261caa4d6 to dir: D:/2025/Learning/FPGA_Projects/DMA_Projects/FIFO_LoopBack/FIFO_LoopBack/FIFO_LoopBack.runs/design_1_auto_pc_1_synth_1
INFO: [IP_Flow 19-6928] IPCACHE: copied cached file d:/2025/Learning/FPGA_Projects/DMA_Projects/FIFO_LoopBack/FIFO_LoopBack/FIFO_LoopBack.cache/ip/2024.1/c/9/c993b29261caa4d6/design_1_auto_pc_0.dcp to D:/2025/Learning/FPGA_Projects/DMA_Projects/FIFO_LoopBack/FIFO_LoopBack/FIFO_LoopBack.runs/design_1_auto_pc_1_synth_1/design_1_auto_pc_1.dcp.
INFO: [IP_Flow 19-6928] IPCACHE: copied cached file d:/2025/Learning/FPGA_Projects/DMA_Projects/FIFO_LoopBack/FIFO_LoopBack/FIFO_LoopBack.cache/ip/2024.1/c/9/c993b29261caa4d6/design_1_auto_pc_0_sim_netlist.v to D:/2025/Learning/FPGA_Projects/DMA_Projects/FIFO_LoopBack/FIFO_LoopBack/FIFO_LoopBack.runs/design_1_auto_pc_1_synth_1/design_1_auto_pc_1_sim_netlist.v.
INFO: [IP_Flow 19-6928] IPCACHE: copied cached file d:/2025/Learning/FPGA_Projects/DMA_Projects/FIFO_LoopBack/FIFO_LoopBack/FIFO_LoopBack.cache/ip/2024.1/c/9/c993b29261caa4d6/design_1_auto_pc_0_sim_netlist.vhdl to D:/2025/Learning/FPGA_Projects/DMA_Projects/FIFO_LoopBack/FIFO_LoopBack/FIFO_LoopBack.runs/design_1_auto_pc_1_synth_1/design_1_auto_pc_1_sim_netlist.vhdl.
INFO: [IP_Flow 19-6928] IPCACHE: copied cached file d:/2025/Learning/FPGA_Projects/DMA_Projects/FIFO_LoopBack/FIFO_LoopBack/FIFO_LoopBack.cache/ip/2024.1/c/9/c993b29261caa4d6/design_1_auto_pc_0_stub.v to D:/2025/Learning/FPGA_Projects/DMA_Projects/FIFO_LoopBack/FIFO_LoopBack/FIFO_LoopBack.runs/design_1_auto_pc_1_synth_1/design_1_auto_pc_1_stub.v.
INFO: [IP_Flow 19-6928] IPCACHE: copied cached file d:/2025/Learning/FPGA_Projects/DMA_Projects/FIFO_LoopBack/FIFO_LoopBack/FIFO_LoopBack.cache/ip/2024.1/c/9/c993b29261caa4d6/design_1_auto_pc_0_stub.vhdl to D:/2025/Learning/FPGA_Projects/DMA_Projects/FIFO_LoopBack/FIFO_LoopBack/FIFO_LoopBack.runs/design_1_auto_pc_1_synth_1/design_1_auto_pc_1_stub.vhdl.
INFO: [IP_Flow 19-4838] Using cached IP synthesis design for IP design_1_auto_pc_1, cache-ID = c993b29261caa4d6.
INFO: [Common 17-206] Exiting Vivado at Wed Jun 25 21:41:57 2025...
