
*** Running vivado
    with args -log four_to_one_mux_DF.vds -m64 -product Vivado -mode batch -messageDb vivado.pb -notrace -source four_to_one_mux_DF.tcl



****** Vivado v2024.1 (64-bit)
  **** SW Build 5076996 on Wed May 22 18:37:14 MDT 2024
  **** IP Build 5075265 on Wed May 22 21:45:21 MDT 2024
  **** SharedData Build 5076995 on Wed May 22 18:29:18 MDT 2024
  **** Start of session at: Tue May 27 07:33:19 2025
    ** Copyright 1986-2022 Xilinx, Inc. All Rights Reserved.
    ** Copyright 2022-2024 Advanced Micro Devices, Inc. All Rights Reserved.

source four_to_one_mux_DF.tcl -notrace
create_project: Time (s): cpu = 00:00:11 ; elapsed = 00:00:11 . Memory (MB): peak = 614.215 ; gain = 199.262
Command: read_checkpoint -auto_incremental -incremental D:/2025/Learning/FPGA_Projects/data_flow_modeling/data_flow_modeling.srcs/utils_1/imports/synth_1/four_to_one_mux_DF.dcp
INFO: [Vivado 12-5825] Read reference checkpoint from D:/2025/Learning/FPGA_Projects/data_flow_modeling/data_flow_modeling.srcs/utils_1/imports/synth_1/four_to_one_mux_DF.dcp for incremental synthesis
INFO: [Vivado 12-7989] Please ensure there are no constraint changes
Command: synth_design -top four_to_one_mux_DF -part xczu9eg-ffvb1156-2-e
Starting synth_design
Attempting to get a license for feature 'Synthesis' and/or device 'xczu9eg'
INFO: [Common 17-349] Got license for feature 'Synthesis' and/or device 'xczu9eg'
INFO: [Device 21-403] Loading part xczu9eg-ffvb1156-2-e
INFO: [Designutils 20-5440] No compile time benefit to using incremental synthesis; A full resynthesis will be run
INFO: [Designutils 20-4379] Flow is switching to default flow due to incremental criteria not met. If you would like to alter this behaviour and have the flow terminate instead, please set the following parameter config_implementation {autoIncr.Synth.RejectBehavior Terminate}
INFO: [Synth 8-7079] Multithreading enabled for synth_design using a maximum of 2 processes.
INFO: [Synth 8-7078] Launching helper process for spawning children vivado processes
INFO: [Synth 8-7075] Helper process launched with PID 20792
---------------------------------------------------------------------------------
Starting RTL Elaboration : Time (s): cpu = 00:00:14 ; elapsed = 00:00:18 . Memory (MB): peak = 2034.340 ; gain = 405.906
---------------------------------------------------------------------------------
INFO: [Synth 8-6157] synthesizing module 'four_to_one_mux_DF' [D:/2025/Learning/FPGA_Projects/data_flow_modeling/data_flow_modeling.srcs/sources_1/new/four_to_one_mux_DF.v:24]
INFO: [Synth 8-6155] done synthesizing module 'four_to_one_mux_DF' (0#1) [D:/2025/Learning/FPGA_Projects/data_flow_modeling/data_flow_modeling.srcs/sources_1/new/four_to_one_mux_DF.v:24]
---------------------------------------------------------------------------------
Finished RTL Elaboration : Time (s): cpu = 00:00:20 ; elapsed = 00:00:25 . Memory (MB): peak = 2142.270 ; gain = 513.836
---------------------------------------------------------------------------------
---------------------------------------------------------------------------------
Start Handling Custom Attributes
---------------------------------------------------------------------------------
---------------------------------------------------------------------------------
Finished Handling Custom Attributes : Time (s): cpu = 00:00:20 ; elapsed = 00:00:26 . Memory (MB): peak = 2142.270 ; gain = 513.836
---------------------------------------------------------------------------------
---------------------------------------------------------------------------------
Finished RTL Optimization Phase 1 : Time (s): cpu = 00:00:20 ; elapsed = 00:00:26 . Memory (MB): peak = 2142.270 ; gain = 513.836
---------------------------------------------------------------------------------
Netlist sorting complete. Time (s): cpu = 00:00:00 ; elapsed = 00:00:00 . Memory (MB): peak = 2142.270 ; gain = 0.000
INFO: [Project 1-570] Preparing netlist for logic optimization

Processing XDC Constraints
Initializing timing engine
Parsing XDC File [D:/2025/Learning/FPGA_Projects/data_flow_modeling/data_flow_modeling.srcs/constrs_1/new/mainconst.xdc]
WARNING: [Vivado 12-584] No ports matched 'in0'. [D:/2025/Learning/FPGA_Projects/data_flow_modeling/data_flow_modeling.srcs/constrs_1/new/mainconst.xdc:18]
CRITICAL WARNING: [Common 17-55] 'set_property' expects at least one object. [D:/2025/Learning/FPGA_Projects/data_flow_modeling/data_flow_modeling.srcs/constrs_1/new/mainconst.xdc:18]
Resolution: If [get_<value>] was used to populate the object, check to make sure this command returns at least one valid object.
WARNING: [Vivado 12-584] No ports matched 'in0'. [D:/2025/Learning/FPGA_Projects/data_flow_modeling/data_flow_modeling.srcs/constrs_1/new/mainconst.xdc:19]
CRITICAL WARNING: [Common 17-55] 'set_property' expects at least one object. [D:/2025/Learning/FPGA_Projects/data_flow_modeling/data_flow_modeling.srcs/constrs_1/new/mainconst.xdc:19]
Resolution: If [get_<value>] was used to populate the object, check to make sure this command returns at least one valid object.
Finished Parsing XDC File [D:/2025/Learning/FPGA_Projects/data_flow_modeling/data_flow_modeling.srcs/constrs_1/new/mainconst.xdc]
INFO: [Project 1-236] Implementation specific constraints were found while reading constraint file [D:/2025/Learning/FPGA_Projects/data_flow_modeling/data_flow_modeling.srcs/constrs_1/new/mainconst.xdc]. These constraints will be ignored for synthesis but will be used in implementation. Impacted constraints are listed in the file [.Xil/four_to_one_mux_DF_propImpl.xdc].
Resolution: To avoid this warning, move constraints listed in [.Xil/four_to_one_mux_DF_propImpl.xdc] to another XDC file and exclude this new file from synthesis with the used_in_synthesis property (File Properties dialog in GUI) and re-run elaboration/synthesis.
Completed Processing XDC Constraints

Netlist sorting complete. Time (s): cpu = 00:00:00 ; elapsed = 00:00:00 . Memory (MB): peak = 2158.121 ; gain = 0.000
INFO: [Project 1-111] Unisim Transformation Summary:
No Unisim elements were transformed.

Constraint Validation Runtime : Time (s): cpu = 00:00:00 ; elapsed = 00:00:00.004 . Memory (MB): peak = 2158.121 ; gain = 0.000
INFO: [Designutils 20-5440] No compile time benefit to using incremental synthesis; A full resynthesis will be run
INFO: [Designutils 20-4379] Flow is switching to default flow due to incremental criteria not met. If you would like to alter this behaviour and have the flow terminate instead, please set the following parameter config_implementation {autoIncr.Synth.RejectBehavior Terminate}
---------------------------------------------------------------------------------
Finished Constraint Validation : Time (s): cpu = 00:00:49 ; elapsed = 00:00:57 . Memory (MB): peak = 2158.121 ; gain = 529.688
---------------------------------------------------------------------------------
---------------------------------------------------------------------------------
Start Loading Part and Timing Information
---------------------------------------------------------------------------------
Loading part: xczu9eg-ffvb1156-2-e
INFO: [Synth 8-6742] Reading net delay rules and data
---------------------------------------------------------------------------------
Finished Loading Part and Timing Information : Time (s): cpu = 00:00:49 ; elapsed = 00:00:57 . Memory (MB): peak = 2158.121 ; gain = 529.688
---------------------------------------------------------------------------------
---------------------------------------------------------------------------------
Start Applying 'set_property' XDC Constraints
---------------------------------------------------------------------------------
---------------------------------------------------------------------------------
Finished applying 'set_property' XDC Constraints : Time (s): cpu = 00:00:50 ; elapsed = 00:00:58 . Memory (MB): peak = 2158.121 ; gain = 529.688
---------------------------------------------------------------------------------
---------------------------------------------------------------------------------
Finished RTL Optimization Phase 2 : Time (s): cpu = 00:00:50 ; elapsed = 00:00:58 . Memory (MB): peak = 2158.121 ; gain = 529.688
---------------------------------------------------------------------------------
---------------------------------------------------------------------------------
Start RTL Component Statistics 
---------------------------------------------------------------------------------
Detailed RTL Component Info : 
+---Muxes : 
	   2 Input    1 Bit        Muxes := 3     
---------------------------------------------------------------------------------
Finished RTL Component Statistics 
---------------------------------------------------------------------------------
---------------------------------------------------------------------------------
Start Part Resource Summary
---------------------------------------------------------------------------------
Part Resources:
DSPs: 2520 (col length:168)
BRAMs: 1824 (col length: RAMB18 168 RAMB36 84)
---------------------------------------------------------------------------------
Finished Part Resource Summary
---------------------------------------------------------------------------------
---------------------------------------------------------------------------------
Start Cross Boundary and Area Optimization
---------------------------------------------------------------------------------
WARNING: [Synth 8-7080] Parallel synthesis criteria is not met
---------------------------------------------------------------------------------
Finished Cross Boundary and Area Optimization : Time (s): cpu = 00:00:56 ; elapsed = 00:01:05 . Memory (MB): peak = 2158.121 ; gain = 529.688
---------------------------------------------------------------------------------
---------------------------------------------------------------------------------
Start Applying XDC Timing Constraints
---------------------------------------------------------------------------------
---------------------------------------------------------------------------------
Finished Applying XDC Timing Constraints : Time (s): cpu = 00:01:39 ; elapsed = 00:01:52 . Memory (MB): peak = 2661.191 ; gain = 1032.758
---------------------------------------------------------------------------------
---------------------------------------------------------------------------------
Start Timing Optimization
---------------------------------------------------------------------------------
---------------------------------------------------------------------------------
Finished Timing Optimization : Time (s): cpu = 00:01:39 ; elapsed = 00:01:52 . Memory (MB): peak = 2661.191 ; gain = 1032.758
---------------------------------------------------------------------------------
---------------------------------------------------------------------------------
Start Technology Mapping
---------------------------------------------------------------------------------
---------------------------------------------------------------------------------
Finished Technology Mapping : Time (s): cpu = 00:01:39 ; elapsed = 00:01:52 . Memory (MB): peak = 2670.742 ; gain = 1042.309
---------------------------------------------------------------------------------
---------------------------------------------------------------------------------
Start IO Insertion
---------------------------------------------------------------------------------
---------------------------------------------------------------------------------
Start Flattening Before IO Insertion
---------------------------------------------------------------------------------
---------------------------------------------------------------------------------
Finished Flattening Before IO Insertion
---------------------------------------------------------------------------------
---------------------------------------------------------------------------------
Start Final Netlist Cleanup
---------------------------------------------------------------------------------
---------------------------------------------------------------------------------
Finished Final Netlist Cleanup
---------------------------------------------------------------------------------
