
*** Running vivado
    with args -log top_fifo.vdi -applog -m64 -product Vivado -messageDb vivado.pb -mode batch -source top_fifo.tcl -notrace



****** Vivado v2024.1 (64-bit)
  **** SW Build 5076996 on Wed May 22 18:37:14 MDT 2024
  **** IP Build 5075265 on Wed May 22 21:45:21 MDT 2024
  **** SharedData Build 5076995 on Wed May 22 18:29:18 MDT 2024
  **** Start of session at: Tue May 13 22:18:51 2025
    ** Copyright 1986-2022 Xilinx, Inc. All Rights Reserved.
    ** Copyright 2022-2024 Advanced Micro Devices, Inc. All Rights Reserved.

source top_fifo.tcl -notrace
create_project: Time (s): cpu = 00:00:08 ; elapsed = 00:00:13 . Memory (MB): peak = 613.402 ; gain = 198.867
Command: link_design -top top_fifo -part xczu9eg-ffvb1156-2-e
Design is defaulting to srcset: sources_1
Design is defaulting to constrset: constrs_1
INFO: [Device 21-403] Loading part xczu9eg-ffvb1156-2-e
Netlist sorting complete. Time (s): cpu = 00:00:00 ; elapsed = 00:00:00.002 . Memory (MB): peak = 1625.629 ; gain = 0.000
INFO: [Netlist 29-17] Analyzing 40 Unisim elements for replacement
INFO: [Netlist 29-28] Unisim Transformation completed in 0 CPU seconds
INFO: [Project 1-479] Netlist was created with Vivado 2024.1
INFO: [Project 1-570] Preparing netlist for logic optimization
Read ShapeDB Complete: Time (s): cpu = 00:00:00 ; elapsed = 00:00:00.012 . Memory (MB): peak = 1678.879 ; gain = 0.141
Netlist sorting complete. Time (s): cpu = 00:00:00 ; elapsed = 00:00:00 . Memory (MB): peak = 2174.574 ; gain = 0.000
INFO: [Project 1-111] Unisim Transformation Summary:
  A total of 40 instances were transformed.
  IBUF => IBUF (IBUFCTRL, INBUF): 37 instances
  RAM32M => RAM32M (RAMD32(x6), RAMS32(x2)): 1 instance 
  RAM32M16 => RAM32M16 (RAMD32(x14), RAMS32(x2)): 2 instances

6 Infos, 0 Warnings, 0 Critical Warnings and 0 Errors encountered.
link_design completed successfully
link_design: Time (s): cpu = 00:00:22 ; elapsed = 00:00:26 . Memory (MB): peak = 2174.574 ; gain = 1561.172
Command: opt_design
Attempting to get a license for feature 'Implementation' and/or device 'xczu9eg'
INFO: [Common 17-349] Got license for feature 'Implementation' and/or device 'xczu9eg'
Running DRC as a precondition to command opt_design

Starting DRC Task
INFO: [DRC 23-27] Running DRC with 2 threads
INFO: [Project 1-461] DRC finished with 0 Errors
INFO: [Project 1-462] Please refer to the DRC report (report_drc) for more information.

Time (s): cpu = 00:00:03 ; elapsed = 00:00:03 . Memory (MB): peak = 2214.980 ; gain = 40.406

Starting Cache Timing Information Task
INFO: [Timing 38-35] Done setting XDC timing constraints.
Ending Cache Timing Information Task | Checksum: b64c209e

Time (s): cpu = 00:00:04 ; elapsed = 00:00:19 . Memory (MB): peak = 2553.195 ; gain = 338.215

Starting Logic Optimization Task

Phase 1 Initialization

Phase 1.1 Core Generation And Design Setup
Phase 1.1 Core Generation And Design Setup | Checksum: b64c209e

Time (s): cpu = 00:00:00 ; elapsed = 00:00:00.074 . Memory (MB): peak = 2948.227 ; gain = 0.000

Phase 1.2 Setup Constraints And Sort Netlist
Phase 1.2 Setup Constraints And Sort Netlist | Checksum: b64c209e

Time (s): cpu = 00:00:00 ; elapsed = 00:00:00.122 . Memory (MB): peak = 2948.227 ; gain = 0.000
Phase 1 Initialization | Checksum: b64c209e

Time (s): cpu = 00:00:00 ; elapsed = 00:00:00.123 . Memory (MB): peak = 2948.227 ; gain = 0.000

Phase 2 Timer Update And Timing Data Collection

Phase 2.1 Timer Update
Phase 2.1 Timer Update | Checksum: b64c209e

Time (s): cpu = 00:00:00 ; elapsed = 00:00:00.433 . Memory (MB): peak = 2948.227 ; gain = 0.000

Phase 2.2 Timing Data Collection
Phase 2.2 Timing Data Collection | Checksum: b64c209e

Time (s): cpu = 00:00:00 ; elapsed = 00:00:00.577 . Memory (MB): peak = 2948.227 ; gain = 0.000
Phase 2 Timer Update And Timing Data Collection | Checksum: b64c209e

Time (s): cpu = 00:00:00 ; elapsed = 00:00:00.578 . Memory (MB): peak = 2948.227 ; gain = 0.000

Phase 3 Retarget
INFO: [Opt 31-1834] Total Chains To Be Transformed Were: 0 AND Number of Transformed insts Created are: 0
INFO: [Opt 31-138] Pushed 0 inverter(s) to 0 load pin(s).
INFO: [Opt 31-49] Retargeted 0 cell(s).
Phase 3 Retarget | Checksum: b64c209e

Time (s): cpu = 00:00:00 ; elapsed = 00:00:00.845 . Memory (MB): peak = 2948.227 ; gain = 0.000
Retarget | Checksum: b64c209e
INFO: [Opt 31-389] Phase Retarget created 0 cells and removed 0 cells

Phase 4 Constant propagation
INFO: [Opt 31-138] Pushed 0 inverter(s) to 0 load pin(s).
Phase 4 Constant propagation | Checksum: b64c209e

Time (s): cpu = 00:00:00 ; elapsed = 00:00:00.847 . Memory (MB): peak = 2948.227 ; gain = 0.000
Constant propagation | Checksum: b64c209e
INFO: [Opt 31-389] Phase Constant propagation created 0 cells and removed 0 cells

Phase 5 Sweep
Phase 5 Sweep | Checksum: b64c209e

Time (s): cpu = 00:00:00 ; elapsed = 00:00:00.871 . Memory (MB): peak = 2948.227 ; gain = 0.000
Sweep | Checksum: b64c209e
INFO: [Opt 31-389] Phase Sweep created 0 cells and removed 0 cells

Phase 6 BUFG optimization
INFO: [Opt 31-1077] Phase BUFG optimization inserted 0 global clock buffer(s) for CLOCK_LOW_FANOUT.
Phase 6 BUFG optimization | Checksum: b64c209e

Time (s): cpu = 00:00:00 ; elapsed = 00:00:00.914 . Memory (MB): peak = 2948.227 ; gain = 0.000
BUFG optimization | Checksum: b64c209e
INFO: [Opt 31-662] Phase BUFG optimization created 0 cells of which 0 are BUFGs and removed 0 cells.

Phase 7 Shift Register Optimization
INFO: [Opt 31-1064] SRL Remap converted 0 SRLs to 0 registers and converted 0 registers of register chains to 0 SRLs
Phase 7 Shift Register Optimization | Checksum: b64c209e

Time (s): cpu = 00:00:00 ; elapsed = 00:00:00.916 . Memory (MB): peak = 2948.227 ; gain = 0.000
Shift Register Optimization | Checksum: b64c209e
INFO: [Opt 31-389] Phase Shift Register Optimization created 0 cells and removed 0 cells

Phase 8 Post Processing Netlist
Phase 8 Post Processing Netlist | Checksum: b64c209e

Time (s): cpu = 00:00:00 ; elapsed = 00:00:01 . Memory (MB): peak = 2948.227 ; gain = 0.000
Post Processing Netlist | Checksum: b64c209e
INFO: [Opt 31-389] Phase Post Processing Netlist created 0 cells and removed 0 cells

Phase 9 Finalization

Phase 9.1 Finalizing Design Cores and Updating Shapes
Phase 9.1 Finalizing Design Cores and Updating Shapes | Checksum: b64c209e

Time (s): cpu = 00:00:00 ; elapsed = 00:00:01 . Memory (MB): peak = 2948.227 ; gain = 0.000

Phase 9.2 Verifying Netlist Connectivity

Starting Connectivity Check Task

Time (s): cpu = 00:00:00 ; elapsed = 00:00:00.002 . Memory (MB): peak = 2948.227 ; gain = 0.000
Phase 9.2 Verifying Netlist Connectivity | Checksum: b64c209e

Time (s): cpu = 00:00:00 ; elapsed = 00:00:01 . Memory (MB): peak = 2948.227 ; gain = 0.000
Phase 9 Finalization | Checksum: b64c209e

Time (s): cpu = 00:00:00 ; elapsed = 00:00:01 . Memory (MB): peak = 2948.227 ; gain = 0.000
Opt_design Change Summary
=========================


-------------------------------------------------------------------------------------------------------------------------
|  Phase                        |  #Cells created  |  #Cells Removed  |  #Constrained objects preventing optimizations  |
-------------------------------------------------------------------------------------------------------------------------
|  Retarget                     |               0  |               0  |                                              0  |
|  Constant propagation         |               0  |               0  |                                              0  |
|  Sweep                        |               0  |               0  |                                              0  |
|  BUFG optimization            |               0  |               0  |                                              0  |
|  Shift Register Optimization  |               0  |               0  |                                              0  |
|  Post Processing Netlist      |               0  |               0  |                                              0  |
-------------------------------------------------------------------------------------------------------------------------


Ending Logic Optimization Task | Checksum: b64c209e

Time (s): cpu = 00:00:00 ; elapsed = 00:00:01 . Memory (MB): peak = 2948.227 ; gain = 0.000

Starting Power Optimization Task
INFO: [Pwropt 34-132] Skipping clock gating for clocks with a period < 2.00 ns.
Ending Power Optimization Task | Checksum: b64c209e

Time (s): cpu = 00:00:00 ; elapsed = 00:00:00.175 . Memory (MB): peak = 2948.227 ; gain = 0.000

Starting Final Cleanup Task
Ending Final Cleanup Task | Checksum: b64c209e

Time (s): cpu = 00:00:00 ; elapsed = 00:00:00 . Memory (MB): peak = 2948.227 ; gain = 0.000

Starting Netlist Obfuscation Task
Netlist sorting complete. Time (s): cpu = 00:00:00 ; elapsed = 00:00:00.001 . Memory (MB): peak = 2948.227 ; gain = 0.000
Ending Netlist Obfuscation Task | Checksum: b64c209e

Time (s): cpu = 00:00:00 ; elapsed = 00:00:00.002 . Memory (MB): peak = 2948.227 ; gain = 0.000
INFO: [Common 17-83] Releasing license: Implementation
25 Infos, 0 Warnings, 0 Critical Warnings and 0 Errors encountered.
opt_design completed successfully
opt_design: Time (s): cpu = 00:00:11 ; elapsed = 00:00:29 . Memory (MB): peak = 2948.227 ; gain = 773.652
INFO: [Vivado 12-24828] Executing command : report_drc -file top_fifo_drc_opted.rpt -pb top_fifo_drc_opted.pb -rpx top_fifo_drc_opted.rpx
Command: report_drc -file top_fifo_drc_opted.rpt -pb top_fifo_drc_opted.pb -rpx top_fifo_drc_opted.rpx
INFO: [IP_Flow 19-234] Refreshing IP repositories
INFO: [IP_Flow 19-1704] No user IP repositories specified
INFO: [IP_Flow 19-2313] Loaded Vivado IP repository 'E:/Vivado/2024.1/data/ip'.
INFO: [DRC 23-27] Running DRC with 2 threads
INFO: [Vivado_Tcl 2-168] The results of DRC are in file D:/2025/Learning/FPGA_Projects/FIFO_Synthesisable/FIFO_Synthesisable.runs/impl_1/top_fifo_drc_opted.rpt.
report_drc completed successfully
report_drc: Time (s): cpu = 00:00:05 ; elapsed = 00:00:11 . Memory (MB): peak = 2948.227 ; gain = 0.000
generate_parallel_reports: Time (s): cpu = 00:00:05 ; elapsed = 00:00:11 . Memory (MB): peak = 2948.227 ; gain = 0.000
Write ShapeDB Complete: Time (s): cpu = 00:00:01 ; elapsed = 00:00:00.049 . Memory (MB): peak = 2948.227 ; gain = 0.000
INFO: [Common 17-1381] The checkpoint 'D:/2025/Learning/FPGA_Projects/FIFO_Synthesisable/FIFO_Synthesisable.runs/impl_1/top_fifo_opt.dcp' has been generated.
Command: place_design
Attempting to get a license for feature 'Implementation' and/or device 'xczu9eg'
INFO: [Common 17-349] Got license for feature 'Implementation' and/or device 'xczu9eg'
INFO: [Common 17-83] Releasing license: Implementation
INFO: [DRC 23-27] Running DRC with 2 threads
INFO: [Vivado_Tcl 4-198] DRC finished with 0 Errors
INFO: [Vivado_Tcl 4-199] Please refer to the DRC report (report_drc) for more information.
Running DRC as a precondition to command place_design
INFO: [DRC 23-27] Running DRC with 2 threads
INFO: [Vivado_Tcl 4-198] DRC finished with 0 Errors
INFO: [Vivado_Tcl 4-199] Please refer to the DRC report (report_drc) for more information.
INFO: [Place 30-611] Multithreading enabled for place_design using a maximum of 2 CPUs

Starting Placer Task

Phase 1 Placer Initialization

Phase 1.1 Placer Initialization Netlist Sorting
Netlist sorting complete. Time (s): cpu = 00:00:00 ; elapsed = 00:00:00 . Memory (MB): peak = 2948.227 ; gain = 0.000
Phase 1.1 Placer Initialization Netlist Sorting | Checksum: b619eb4e

Time (s): cpu = 00:00:00 ; elapsed = 00:00:00.173 . Memory (MB): peak = 2948.227 ; gain = 0.000
Netlist sorting complete. Time (s): cpu = 00:00:00 ; elapsed = 00:00:00 . Memory (MB): peak = 2948.227 ; gain = 0.000

Phase 1.2 IO Placement/ Clock Placement/ Build Placer Device
INFO: [Timing 38-35] Done setting XDC timing constraints.
Phase 1.2 IO Placement/ Clock Placement/ Build Placer Device | Checksum: e8cbdbbc

Time (s): cpu = 00:00:06 ; elapsed = 00:00:08 . Memory (MB): peak = 2952.383 ; gain = 4.156

Phase 1.3 Build Placer Netlist Model
Phase 1.3 Build Placer Netlist Model | Checksum: 15ca36015

Time (s): cpu = 00:00:11 ; elapsed = 00:00:13 . Memory (MB): peak = 3032.227 ; gain = 84.000

Phase 1.4 Constrain Clocks/Macros
Phase 1.4 Constrain Clocks/Macros | Checksum: 15ca36015

Time (s): cpu = 00:00:11 ; elapsed = 00:00:13 . Memory (MB): peak = 3032.227 ; gain = 84.000
Phase 1 Placer Initialization | Checksum: 15ca36015

Time (s): cpu = 00:00:11 ; elapsed = 00:00:13 . Memory (MB): peak = 3032.785 ; gain = 84.559

Phase 2 Global Placement

Phase 2.1 Floorplanning

Phase 2.1.1 Partition Driven Placement

Phase 2.1.1.1 PBP: Partition Driven Placement
Phase 2.1.1.1 PBP: Partition Driven Placement | Checksum: 19e1cfcc5

Time (s): cpu = 00:00:11 ; elapsed = 00:00:14 . Memory (MB): peak = 3035.777 ; gain = 87.551

Phase 2.1.1.2 PBP: Clock Region Placement
INFO: [Place 30-3162] Check ILP status : ILP-based clock placer completed successfully.
Phase 2.1.1.2 PBP: Clock Region Placement | Checksum: 19e1cfcc5

Time (s): cpu = 00:00:11 ; elapsed = 00:00:15 . Memory (MB): peak = 3037.977 ; gain = 89.750

Phase 2.1.1.3 PBP: Compute Congestion
Phase 2.1.1.3 PBP: Compute Congestion | Checksum: 19e1cfcc5

Time (s): cpu = 00:00:29 ; elapsed = 00:00:29 . Memory (MB): peak = 3437.434 ; gain = 489.207

Phase 2.1.1.4 PBP: Add part constraints
Phase 2.1.1.4 PBP: Add part constraints | Checksum: 19e1cfcc5

Time (s): cpu = 00:00:29 ; elapsed = 00:00:29 . Memory (MB): peak = 3437.434 ; gain = 489.207
Phase 2.1.1 Partition Driven Placement | Checksum: 19e1cfcc5

Time (s): cpu = 00:00:29 ; elapsed = 00:00:29 . Memory (MB): peak = 3437.434 ; gain = 489.207
Phase 2.1 Floorplanning | Checksum: 19e1cfcc5

Time (s): cpu = 00:00:29 ; elapsed = 00:00:29 . Memory (MB): peak = 3437.434 ; gain = 489.207

Phase 2.2 Update Timing before SLR Path Opt
Phase 2.2 Update Timing before SLR Path Opt | Checksum: 19e1cfcc5

Time (s): cpu = 00:00:29 ; elapsed = 00:00:29 . Memory (MB): peak = 3437.434 ; gain = 489.207

Phase 2.3 Post-Processing in Floorplanning
Phase 2.3 Post-Processing in Floorplanning | Checksum: 19e1cfcc5

Time (s): cpu = 00:00:29 ; elapsed = 00:00:29 . Memory (MB): peak = 3437.434 ; gain = 489.207

Phase 2.4 Global Placement Core
WARNING: [Place 46-29] Timing had been disabled during Placer and, therefore, physical synthesis in Placer will be skipped.
Phase 2.4 Global Placement Core | Checksum: 122ecdbc5

Time (s): cpu = 00:01:43 ; elapsed = 00:01:13 . Memory (MB): peak = 3598.699 ; gain = 650.473
Phase 2 Global Placement | Checksum: 122ecdbc5

Time (s): cpu = 00:01:43 ; elapsed = 00:01:13 . Memory (MB): peak = 3598.699 ; gain = 650.473

Phase 3 Detail Placement

Phase 3.1 Commit Multi Column Macros
Phase 3.1 Commit Multi Column Macros | Checksum: 122ecdbc5

Time (s): cpu = 00:02:07 ; elapsed = 00:01:26 . Memory (MB): peak = 3598.699 ; gain = 650.473

Phase 3.2 Commit Most Macros & LUTRAMs
Phase 3.2 Commit Most Macros & LUTRAMs | Checksum: 199acc709

Time (s): cpu = 00:02:07 ; elapsed = 00:01:26 . Memory (MB): peak = 3598.699 ; gain = 650.473

Phase 3.3 Small Shape DP

Phase 3.3.1 Small Shape Clustering
Phase 3.3.1 Small Shape Clustering | Checksum: 240f1808e

Time (s): cpu = 00:02:57 ; elapsed = 00:01:55 . Memory (MB): peak = 3601.352 ; gain = 653.125

Phase 3.3.2 Slice Area Swap

Phase 3.3.2.1 Slice Area Swap Initial
Phase 3.3.2.1 Slice Area Swap Initial | Checksum: 2445ca92b

Time (s): cpu = 00:03:22 ; elapsed = 00:02:08 . Memory (MB): peak = 3618.766 ; gain = 670.539
Phase 3.3.2 Slice Area Swap | Checksum: 2445ca92b

Time (s): cpu = 00:03:22 ; elapsed = 00:02:09 . Memory (MB): peak = 3621.359 ; gain = 673.133
Phase 3.3 Small Shape DP | Checksum: 229bafb4d

Time (s): cpu = 00:04:11 ; elapsed = 00:02:35 . Memory (MB): peak = 3626.980 ; gain = 678.754

Phase 3.4 Re-assign LUT pins
Phase 3.4 Re-assign LUT pins | Checksum: 229bafb4d

Time (s): cpu = 00:04:14 ; elapsed = 00:02:38 . Memory (MB): peak = 3626.980 ; gain = 678.754

Phase 3.5 Pipeline Register Optimization
Phase 3.5 Pipeline Register Optimization | Checksum: 229bafb4d

Time (s): cpu = 00:04:14 ; elapsed = 00:02:38 . Memory (MB): peak = 3626.980 ; gain = 678.754
Phase 3 Detail Placement | Checksum: 229bafb4d

Time (s): cpu = 00:04:14 ; elapsed = 00:02:38 . Memory (MB): peak = 3626.980 ; gain = 678.754

Phase 4 Post Placement Optimization and Clean-Up

Phase 4.1 Post Commit Optimization
Phase 4.1 Post Commit Optimization | Checksum: 229bafb4d

Time (s): cpu = 00:04:38 ; elapsed = 00:02:51 . Memory (MB): peak = 3626.980 ; gain = 678.754
Netlist sorting complete. Time (s): cpu = 00:00:00 ; elapsed = 00:00:00.001 . Memory (MB): peak = 3634.559 ; gain = 0.000

Phase 4.2 Post Placement Cleanup
Phase 4.2 Post Placement Cleanup | Checksum: 1f6a0c827

Time (s): cpu = 00:05:16 ; elapsed = 00:03:18 . Memory (MB): peak = 3634.559 ; gain = 686.332

Phase 4.3 Placer Reporting

Phase 4.3.1 Print Estimated Congestion
INFO: [Place 30-612] Post-Placement Estimated Congestion 
 ________________________________________________________________________
|           | Global Congestion | Long Congestion   | Short Congestion  |
| Direction | Region Size       | Region Size       | Region Size       |
|___________|___________________|___________________|___________________|
|      North|                1x1|                1x1|                1x1|
|___________|___________________|___________________|___________________|
|      South|                1x1|                1x1|                1x1|
|___________|___________________|___________________|___________________|
|       East|                1x1|                1x1|                1x1|
|___________|___________________|___________________|___________________|
|       West|                1x1|                1x1|                1x1|
|___________|___________________|___________________|___________________|

Phase 4.3.1 Print Estimated Congestion | Checksum: 1f6a0c827

Time (s): cpu = 00:05:16 ; elapsed = 00:03:18 . Memory (MB): peak = 3634.559 ; gain = 686.332
Phase 4.3 Placer Reporting | Checksum: 1f6a0c827

Time (s): cpu = 00:05:16 ; elapsed = 00:03:18 . Memory (MB): peak = 3634.559 ; gain = 686.332

Phase 4.4 Final Placement Cleanup
Netlist sorting complete. Time (s): cpu = 00:00:00 ; elapsed = 00:00:00 . Memory (MB): peak = 3634.559 ; gain = 0.000

Time (s): cpu = 00:05:16 ; elapsed = 00:03:18 . Memory (MB): peak = 3634.559 ; gain = 686.332
Phase 4 Post Placement Optimization and Clean-Up | Checksum: 246c408aa

Time (s): cpu = 00:05:16 ; elapsed = 00:03:18 . Memory (MB): peak = 3634.559 ; gain = 686.332
Ending Placer Task | Checksum: 1568d3c72

Time (s): cpu = 00:05:16 ; elapsed = 00:03:18 . Memory (MB): peak = 3634.559 ; gain = 686.332
44 Infos, 1 Warnings, 0 Critical Warnings and 0 Errors encountered.
place_design completed successfully
place_design: Time (s): cpu = 00:05:21 ; elapsed = 00:03:22 . Memory (MB): peak = 3634.559 ; gain = 686.332
INFO: [Vivado 12-24838] Running report commands "report_control_sets, report_io, report_utilization" in parallel.
Running report generation with 2 threads.
INFO: [Vivado 12-24828] Executing command : report_utilization -file top_fifo_utilization_placed.rpt -pb top_fifo_utilization_placed.pb
INFO: [Vivado 12-24828] Executing command : report_control_sets -verbose -file top_fifo_control_sets_placed.rpt
report_control_sets: Time (s): cpu = 00:00:00 ; elapsed = 00:00:00.005 . Memory (MB): peak = 3634.559 ; gain = 0.000
INFO: [Vivado 12-24828] Executing command : report_io -file top_fifo_io_placed.rpt
report_io: Time (s): cpu = 00:00:00 ; elapsed = 00:00:00.629 . Memory (MB): peak = 3634.559 ; gain = 0.000
Write ShapeDB Complete: Time (s): cpu = 00:00:00 ; elapsed = 00:00:00.039 . Memory (MB): peak = 3634.559 ; gain = 0.000
Wrote PlaceDB: Time (s): cpu = 00:00:00 ; elapsed = 00:00:00.055 . Memory (MB): peak = 3634.559 ; gain = 0.000
Wrote PulsedLatchDB: Time (s): cpu = 00:00:00 ; elapsed = 00:00:00 . Memory (MB): peak = 3634.559 ; gain = 0.000
Writing XDEF routing.
Writing XDEF routing logical nets.
Writing XDEF routing special nets.
Wrote RouteStorage: Time (s): cpu = 00:00:01 ; elapsed = 00:00:00.390 . Memory (MB): peak = 3634.559 ; gain = 0.000
Wrote Netlist Cache: Time (s): cpu = 00:00:00 ; elapsed = 00:00:00.013 . Memory (MB): peak = 3634.559 ; gain = 0.000
Wrote Device Cache: Time (s): cpu = 00:00:00 ; elapsed = 00:00:00.038 . Memory (MB): peak = 3634.559 ; gain = 0.000
Write Physdb Complete: Time (s): cpu = 00:00:01 ; elapsed = 00:00:00.585 . Memory (MB): peak = 3634.559 ; gain = 0.000
INFO: [Common 17-1381] The checkpoint 'D:/2025/Learning/FPGA_Projects/FIFO_Synthesisable/FIFO_Synthesisable.runs/impl_1/top_fifo_placed.dcp' has been generated.
Command: phys_opt_design
Attempting to get a license for feature 'Implementation' and/or device 'xczu9eg'
INFO: [Common 17-349] Got license for feature 'Implementation' and/or device 'xczu9eg'

Starting Initial Update Timing Task

Time (s): cpu = 00:00:29 ; elapsed = 00:00:32 . Memory (MB): peak = 4198.668 ; gain = 564.109
INFO: [Vivado_Tcl 4-235] No timing constraint found. The netlist was not modified.
INFO: [Common 17-83] Releasing license: Implementation
52 Infos, 1 Warnings, 0 Critical Warnings and 0 Errors encountered.
phys_opt_design completed successfully
phys_opt_design: Time (s): cpu = 00:00:29 ; elapsed = 00:00:33 . Memory (MB): peak = 4198.668 ; gain = 564.109
Write ShapeDB Complete: Time (s): cpu = 00:00:00 ; elapsed = 00:00:00.007 . Memory (MB): peak = 4198.668 ; gain = 0.000
Wrote PlaceDB: Time (s): cpu = 00:00:00 ; elapsed = 00:00:00.029 . Memory (MB): peak = 4198.668 ; gain = 0.000
Wrote PulsedLatchDB: Time (s): cpu = 00:00:00 ; elapsed = 00:00:00.001 . Memory (MB): peak = 4198.668 ; gain = 0.000
Writing XDEF routing.
Writing XDEF routing logical nets.
Writing XDEF routing special nets.
Wrote RouteStorage: Time (s): cpu = 00:00:00 ; elapsed = 00:00:00.107 . Memory (MB): peak = 4198.668 ; gain = 0.000
Wrote Netlist Cache: Time (s): cpu = 00:00:00 ; elapsed = 00:00:00 . Memory (MB): peak = 4198.668 ; gain = 0.000
Wrote Device Cache: Time (s): cpu = 00:00:00 ; elapsed = 00:00:00.034 . Memory (MB): peak = 4198.668 ; gain = 0.000
Write Physdb Complete: Time (s): cpu = 00:00:00 ; elapsed = 00:00:00.186 . Memory (MB): peak = 4198.668 ; gain = 0.000
INFO: [Common 17-1381] The checkpoint 'D:/2025/Learning/FPGA_Projects/FIFO_Synthesisable/FIFO_Synthesisable.runs/impl_1/top_fifo_physopt.dcp' has been generated.
Command: route_design
Attempting to get a license for feature 'Implementation' and/or device 'xczu9eg'
INFO: [Common 17-349] Got license for feature 'Implementation' and/or device 'xczu9eg'
Running DRC as a precondition to command route_design
INFO: [DRC 23-27] Running DRC with 2 threads
INFO: [Vivado_Tcl 4-198] DRC finished with 0 Errors
INFO: [Vivado_Tcl 4-199] Please refer to the DRC report (report_drc) for more information.


Starting Routing Task
INFO: [Route 35-254] Multithreading enabled for route_design using a maximum of 8 CPUs

Phase 1 Build RT Design
Checksum: PlaceDB: 97ea6aba ConstDB: 0 ShapeSum: 791ffa36 RouteDB: 4582d782
Nodegraph reading from file.  Time (s): cpu = 00:00:02 ; elapsed = 00:00:02 . Memory (MB): peak = 4198.668 ; gain = 0.000
Post Restoration Checksum: NetGraph: b4e0ceeb | NumContArr: 400a70d6 | Constraints: 3faa4d51 | Timing: c2a8fa9d
Phase 1 Build RT Design | Checksum: 1f73e87af

Time (s): cpu = 00:00:08 ; elapsed = 00:00:09 . Memory (MB): peak = 4198.668 ; gain = 0.000

Phase 2 Router Initialization
INFO: [Route 35-64] No timing constraints were detected. The router will operate in resource-optimization mode.

Phase 2.1 Fix Topology Constraints
Phase 2.1 Fix Topology Constraints | Checksum: 1f73e87af

Time (s): cpu = 00:00:08 ; elapsed = 00:00:10 . Memory (MB): peak = 4198.668 ; gain = 0.000

Phase 2.2 Pre Route Cleanup
Phase 2.2 Pre Route Cleanup | Checksum: 1f73e87af

Time (s): cpu = 00:00:08 ; elapsed = 00:00:10 . Memory (MB): peak = 4198.668 ; gain = 0.000

Phase 2.3 Global Clock Net Routing
 Number of Nodes with overlaps = 0
Phase 2.3 Global Clock Net Routing | Checksum: 280af1eed

Time (s): cpu = 00:00:12 ; elapsed = 00:00:12 . Memory (MB): peak = 4305.273 ; gain = 106.605

Router Utilization Summary
  Global Vertical Routing Utilization    = 0 %
  Global Horizontal Routing Utilization  = 0 %
  Routable Net Status*
  *Does not include unroutable nets such as driverless and loadless.
  Run report_route_status for detailed report.
  Number of Failed Nets               = 85
    (Failed Nets is the sum of unrouted and partially routed nets)
  Number of Unrouted Nets             = 81
  Number of Partially Routed Nets     = 4
  Number of Node Overlaps             = 0

Phase 2 Router Initialization | Checksum: 26d28d73a

Time (s): cpu = 00:00:15 ; elapsed = 00:00:13 . Memory (MB): peak = 4321.016 ; gain = 122.348

Phase 3 Global Routing
Phase 3 Global Routing | Checksum: 26d28d73a

Time (s): cpu = 00:00:15 ; elapsed = 00:00:14 . Memory (MB): peak = 4321.016 ; gain = 122.348

Phase 4 Initial Routing

Phase 4.1 Initial Net Routing Pass
Phase 4.1 Initial Net Routing Pass | Checksum: 1ff4dfbcc

Time (s): cpu = 00:00:18 ; elapsed = 00:00:15 . Memory (MB): peak = 4321.016 ; gain = 122.348
Phase 4 Initial Routing | Checksum: 1ff4dfbcc

Time (s): cpu = 00:00:18 ; elapsed = 00:00:15 . Memory (MB): peak = 4321.016 ; gain = 122.348

Phase 5 Rip-up And Reroute

Phase 5.1 Global Iteration 0
 Number of Nodes with overlaps = 1
 Number of Nodes with overlaps = 0
Phase 5.1 Global Iteration 0 | Checksum: 1b5122e21

Time (s): cpu = 00:00:19 ; elapsed = 00:00:15 . Memory (MB): peak = 4321.016 ; gain = 122.348
Phase 5 Rip-up And Reroute | Checksum: 1b5122e21

Time (s): cpu = 00:00:19 ; elapsed = 00:00:15 . Memory (MB): peak = 4321.016 ; gain = 122.348

Phase 6 Delay and Skew Optimization
Phase 6 Delay and Skew Optimization | Checksum: 1b5122e21

Time (s): cpu = 00:00:19 ; elapsed = 00:00:15 . Memory (MB): peak = 4321.016 ; gain = 122.348

Phase 7 Post Hold Fix

Phase 7.1 Hold Fix Iter
Phase 7.1 Hold Fix Iter | Checksum: 1b5122e21

Time (s): cpu = 00:00:19 ; elapsed = 00:00:15 . Memory (MB): peak = 4321.016 ; gain = 122.348
Phase 7 Post Hold Fix | Checksum: 1b5122e21

Time (s): cpu = 00:00:19 ; elapsed = 00:00:15 . Memory (MB): peak = 4321.016 ; gain = 122.348

Phase 8 Route finalize

Router Utilization Summary
  Global Vertical Routing Utilization    = 0.0206992 %
  Global Horizontal Routing Utilization  = 0.00145021 %
  Routable Net Status*
  *Does not include unroutable nets such as driverless and loadless.
  Run report_route_status for detailed report.
  Number of Failed Nets               = 0
    (Failed Nets is the sum of unrouted and partially routed nets)
  Number of Unrouted Nets             = 0
  Number of Partially Routed Nets     = 0
  Number of Node Overlaps             = 0


--GLOBAL Congestion:
Utilization threshold used for congestion level computation: 0.85
Congestion Report
North Dir 1x1 Area, Max Cong = 39.2523%, No Congested Regions.
South Dir 1x1 Area, Max Cong = 5.18868%, No Congested Regions.
East Dir 1x1 Area, Max Cong = 11.5385%, No Congested Regions.
West Dir 1x1 Area, Max Cong = 5%, No Congested Regions.

------------------------------
Reporting congestion hotspots
------------------------------
Direction: North
----------------
Congested clusters found at Level 0
Effective congestion level: 0 Aspect Ratio: 1 Sparse Ratio: 0
Direction: South
----------------
Congested clusters found at Level 0
Effective congestion level: 0 Aspect Ratio: 1 Sparse Ratio: 0
Direction: East
----------------
Congested clusters found at Level 0
Effective congestion level: 0 Aspect Ratio: 1 Sparse Ratio: 0
Direction: West
----------------
Congested clusters found at Level 0
Effective congestion level: 0 Aspect Ratio: 1 Sparse Ratio: 0

Phase 8 Route finalize | Checksum: 1b5122e21

Time (s): cpu = 00:00:19 ; elapsed = 00:00:15 . Memory (MB): peak = 4321.016 ; gain = 122.348

Phase 9 Verifying routed nets

 Verification completed successfully
Phase 9 Verifying routed nets | Checksum: 1b5122e21

Time (s): cpu = 00:00:19 ; elapsed = 00:00:15 . Memory (MB): peak = 4321.016 ; gain = 122.348

Phase 10 Depositing Routes
Phase 10 Depositing Routes | Checksum: 1b5122e21

Time (s): cpu = 00:00:19 ; elapsed = 00:00:15 . Memory (MB): peak = 4321.016 ; gain = 122.348

Phase 11 Resolve XTalk

Skipping xtalk assignment for non timing driven mode.
Phase 11 Resolve XTalk | Checksum: 1b5122e21

Time (s): cpu = 00:00:19 ; elapsed = 00:00:15 . Memory (MB): peak = 4321.016 ; gain = 122.348

Phase 12 Post Process Routing
Phase 12 Post Process Routing | Checksum: 1b5122e21

Time (s): cpu = 00:00:19 ; elapsed = 00:00:15 . Memory (MB): peak = 4321.016 ; gain = 122.348
Time taken to check if laguna hold fix is required (in secs): 0
Skip PhysOpt in Router because non-negative WNS value: 1e+30 .
Total Elapsed time in route_design: 17.781 secs

Phase 13 Post-Route Event Processing
Phase 13 Post-Route Event Processing | Checksum: e0e081e6

Time (s): cpu = 00:00:22 ; elapsed = 00:00:18 . Memory (MB): peak = 4321.016 ; gain = 122.348
INFO: [Route 35-16] Router Completed Successfully
Ending Routing Task | Checksum: e0e081e6

Time (s): cpu = 00:00:22 ; elapsed = 00:00:18 . Memory (MB): peak = 4321.016 ; gain = 122.348

Routing Is Done.
INFO: [Common 17-83] Releasing license: Implementation
61 Infos, 1 Warnings, 0 Critical Warnings and 0 Errors encountered.
route_design completed successfully
route_design: Time (s): cpu = 00:00:27 ; elapsed = 00:00:22 . Memory (MB): peak = 4321.016 ; gain = 122.348
INFO: [Vivado 12-24828] Executing command : report_drc -file top_fifo_drc_routed.rpt -pb top_fifo_drc_routed.pb -rpx top_fifo_drc_routed.rpx
Command: report_drc -file top_fifo_drc_routed.rpt -pb top_fifo_drc_routed.pb -rpx top_fifo_drc_routed.rpx
INFO: [IP_Flow 19-1839] IP Catalog is up to date.
INFO: [DRC 23-27] Running DRC with 2 threads
INFO: [Vivado_Tcl 2-168] The results of DRC are in file D:/2025/Learning/FPGA_Projects/FIFO_Synthesisable/FIFO_Synthesisable.runs/impl_1/top_fifo_drc_routed.rpt.
report_drc completed successfully
INFO: [Vivado 12-24828] Executing command : report_methodology -file top_fifo_methodology_drc_routed.rpt -pb top_fifo_methodology_drc_routed.pb -rpx top_fifo_methodology_drc_routed.rpx
Command: report_methodology -file top_fifo_methodology_drc_routed.rpt -pb top_fifo_methodology_drc_routed.pb -rpx top_fifo_methodology_drc_routed.rpx
INFO: [Timing 38-35] Done setting XDC timing constraints.
INFO: [DRC 23-133] Running Methodology with 2 threads
INFO: [Vivado_Tcl 2-1520] The results of Report Methodology are in file D:/2025/Learning/FPGA_Projects/FIFO_Synthesisable/FIFO_Synthesisable.runs/impl_1/top_fifo_methodology_drc_routed.rpt.
report_methodology completed successfully
INFO: [Vivado 12-24828] Executing command : report_timing_summary -max_paths 10 -report_unconstrained -file top_fifo_timing_summary_routed.rpt -pb top_fifo_timing_summary_routed.pb -rpx top_fifo_timing_summary_routed.rpx -warn_on_violation 
INFO: [Timing 38-35] Done setting XDC timing constraints.
INFO: [Timing 38-91] UpdateTimingParams: Speed grade: -2, Temperature grade: E, Delay Type: min_max.
INFO: [Timing 38-191] Multithreading enabled for timing update using a maximum of 2 CPUs
WARNING: [Timing 38-313] There are no user specified timing constraints. Timing constraints are needed for proper timing analysis.
INFO: [Vivado 12-24838] Running report commands "report_incremental_reuse, report_route_status" in parallel.
Running report generation with 2 threads.
INFO: [Vivado 12-24828] Executing command : report_incremental_reuse -file top_fifo_incremental_reuse_routed.rpt
INFO: [Vivado_Tcl 4-1062] Incremental flow is disabled. No incremental reuse Info to report.
INFO: [Vivado 12-24828] Executing command : report_route_status -file top_fifo_route_status.rpt -pb top_fifo_route_status.pb
INFO: [Vivado 12-24828] Executing command : report_power -file top_fifo_power_routed.rpt -pb top_fifo_power_summary_routed.pb -rpx top_fifo_power_routed.rpx
Command: report_power -file top_fifo_power_routed.rpt -pb top_fifo_power_summary_routed.pb -rpx top_fifo_power_routed.rpx
WARNING: [Power 33-232] No user defined clocks were found in the design! Power estimation will be inaccurate until this is corrected.
Resolution: Please specify clocks using create_clock/create_generated_clock for sequential elements. For pure combinatorial circuits, please specify a virtual clock, otherwise the vectorless estimation might be inaccurate
Running Vector-less Activity Propagation...

Finished Running Vector-less Activity Propagation
78 Infos, 3 Warnings, 0 Critical Warnings and 0 Errors encountered.
report_power completed successfully
report_power: Time (s): cpu = 00:00:11 ; elapsed = 00:00:19 . Memory (MB): peak = 4321.016 ; gain = 0.000
INFO: [Vivado 12-24828] Executing command : report_clock_utilization -file top_fifo_clock_utilization_routed.rpt
WARNING: [Device 21-9320] Failed to find the Oracle tile group with name 'HSR_BOUNDARY_TOP'. This is required for Clock regions and Virtual grid.
WARNING: [Device 21-2174] Failed to initialize Virtual grid.
INFO: [Vivado 12-24828] Executing command : report_bus_skew -warn_on_violation -file top_fifo_bus_skew_routed.rpt -pb top_fifo_bus_skew_routed.pb -rpx top_fifo_bus_skew_routed.rpx
INFO: [Timing 38-91] UpdateTimingParams: Speed grade: -2, Temperature grade: E, Delay Type: min_max.
INFO: [Timing 38-191] Multithreading enabled for timing update using a maximum of 2 CPUs
generate_parallel_reports: Time (s): cpu = 00:00:23 ; elapsed = 00:00:31 . Memory (MB): peak = 4321.016 ; gain = 0.000
Write ShapeDB Complete: Time (s): cpu = 00:00:00 ; elapsed = 00:00:00.003 . Memory (MB): peak = 4321.016 ; gain = 0.000
Wrote PlaceDB: Time (s): cpu = 00:00:00 ; elapsed = 00:00:00.016 . Memory (MB): peak = 4321.016 ; gain = 0.000
Wrote PulsedLatchDB: Time (s): cpu = 00:00:00 ; elapsed = 00:00:00 . Memory (MB): peak = 4321.016 ; gain = 0.000
Writing XDEF routing.
Writing XDEF routing logical nets.
Writing XDEF routing special nets.
Wrote RouteStorage: Time (s): cpu = 00:00:00 ; elapsed = 00:00:00.186 . Memory (MB): peak = 4321.016 ; gain = 0.000
Wrote Netlist Cache: Time (s): cpu = 00:00:00 ; elapsed = 00:00:00 . Memory (MB): peak = 4321.016 ; gain = 0.000
Wrote Device Cache: Time (s): cpu = 00:00:00 ; elapsed = 00:00:00.033 . Memory (MB): peak = 4321.016 ; gain = 0.000
Write Physdb Complete: Time (s): cpu = 00:00:00 ; elapsed = 00:00:00.255 . Memory (MB): peak = 4321.016 ; gain = 0.000
INFO: [Common 17-1381] The checkpoint 'D:/2025/Learning/FPGA_Projects/FIFO_Synthesisable/FIFO_Synthesisable.runs/impl_1/top_fifo_routed.dcp' has been generated.
INFO: [Common 17-206] Exiting Vivado at Tue May 13 22:25:29 2025...
