Copyright 1986-2022 Xilinx, Inc. All Rights Reserved. Copyright 2022-2024 Advanced Micro Devices, Inc. All Rights Reserved.
--------------------------------------------------------------------------------------------------------------------------------------------------------------------------------------------------------------------------
| Tool Version      : Vivado v.2024.1 (win64) Build 5076996 Wed May 22 18:37:14 MDT 2024
| Date              : Tue May 13 22:25:02 2025
| Host              : Soroush running 64-bit major release  (build 9200)
| Command           : report_timing_summary -max_paths 10 -report_unconstrained -file top_fifo_timing_summary_routed.rpt -pb top_fifo_timing_summary_routed.pb -rpx top_fifo_timing_summary_routed.rpx -warn_on_violation
| Design            : top_fifo
| Device            : xczu9eg-ffvb1156
| Speed File        : -2  PRODUCTION 1.30 05-15-2022
| Design State      : Routed
| Temperature Grade : E
--------------------------------------------------------------------------------------------------------------------------------------------------------------------------------------------------------------------------

Timing Summary Report

------------------------------------------------------------------------------------------------
| Timer Settings
| --------------
------------------------------------------------------------------------------------------------

  Enable Multi Corner Analysis               :  Yes
  Enable Pessimism Removal                   :  Yes
  Pessimism Removal Resolution               :  Nearest Common Node
  Enable Input Delay Default Clock           :  No
  Enable Preset / Clear Arcs                 :  No
  Disable Flight Delays                      :  No
  Ignore I/O Paths                           :  No
  Timing Early Launch at Borrowing Latches   :  No
  Borrow Time for Max Delay Exceptions       :  Yes
  Merge Timing Exceptions                    :  Yes
  Inter-SLR Compensation                     :  Conservative

  Corner  Analyze    Analyze    
  Name    Max Paths  Min Paths  
  ------  ---------  ---------  
  Slow    Yes        Yes        
  Fast    Yes        Yes        


------------------------------------------------------------------------------------------------
| Report Methodology
| ------------------
------------------------------------------------------------------------------------------------

Rule       Severity          Description                  Violations  
---------  ----------------  ---------------------------  ----------  
TIMING-17  Critical Warning  Non-clocked sequential cell  47          

Note: This report is based on the most recent report_methodology run and may not be up-to-date. Run report_methodology on the current design for the latest report.



check_timing report

Table of Contents
-----------------
1. checking no_clock (47)
2. checking constant_clock (0)
3. checking pulse_width_clock (0)
4. checking unconstrained_internal_endpoints (173)
5. checking no_input_delay (36)
6. checking no_output_delay (37)
7. checking multiple_clock (0)
8. checking generated_clocks (0)
9. checking loops (0)
10. checking partial_input_delay (0)
11. checking partial_output_delay (0)
12. checking latch_loops (0)

1. checking no_clock (47)
-------------------------
 There are 47 register/latch pins with no clock driven by root clock pin: clk (HIGH)


2. checking constant_clock (0)
------------------------------
 There are 0 register/latch pins with constant_clock.


3. checking pulse_width_clock (0)
---------------------------------
 There are 0 register/latch pins which need pulse_width check


4. checking unconstrained_internal_endpoints (173)
--------------------------------------------------
 There are 173 pins that are not constrained for maximum delay. (HIGH)

 There are 0 pins that are not constrained for maximum delay due to constant clock.


5. checking no_input_delay (36)
-------------------------------
 There are 36 input ports with no input delay specified. (HIGH)

 There are 0 input ports with no input delay but user has a false path constraint.


6. checking no_output_delay (37)
--------------------------------
 There are 37 ports with no output delay specified. (HIGH)

 There are 0 ports with no output delay but user has a false path constraint

 There are 0 ports with no output delay but with a timing clock defined on it or propagating through it


7. checking multiple_clock (0)
------------------------------
 There are 0 register/latch pins with multiple clocks.


8. checking generated_clocks (0)
--------------------------------
 There are 0 generated clocks that are not connected to a clock source.


9. checking loops (0)
---------------------
 There are 0 combinational loops in the design.


10. checking partial_input_delay (0)
------------------------------------
 There are 0 input ports with partial input delay specified.


11. checking partial_output_delay (0)
-------------------------------------
 There are 0 ports with partial output delay specified.


12. checking latch_loops (0)
----------------------------
 There are 0 combinational latch loops in the design through latch input



------------------------------------------------------------------------------------------------
| Design Timing Summary
| ---------------------
------------------------------------------------------------------------------------------------

    WNS(ns)      TNS(ns)  TNS Failing Endpoints  TNS Total Endpoints      WHS(ns)      THS(ns)  THS Failing Endpoints  THS Total Endpoints     WPWS(ns)     TPWS(ns)  TPWS Failing Endpoints  TPWS Total Endpoints  
    -------      -------  ---------------------  -------------------      -------      -------  ---------------------  -------------------     --------     --------  ----------------------  --------------------  
        inf        0.000                      0                  210          inf        0.000                      0                  210           NA           NA                      NA                    NA  


There are no user specified timing constraints.


------------------------------------------------------------------------------------------------
| Clock Summary
| -------------
------------------------------------------------------------------------------------------------


------------------------------------------------------------------------------------------------
| Intra Clock Table
| -----------------
------------------------------------------------------------------------------------------------

Clock             WNS(ns)      TNS(ns)  TNS Failing Endpoints  TNS Total Endpoints      WHS(ns)      THS(ns)  THS Failing Endpoints  THS Total Endpoints     WPWS(ns)     TPWS(ns)  TPWS Failing Endpoints  TPWS Total Endpoints  
-----             -------      -------  ---------------------  -------------------      -------      -------  ---------------------  -------------------     --------     --------  ----------------------  --------------------  


------------------------------------------------------------------------------------------------
| Inter Clock Table
| -----------------
------------------------------------------------------------------------------------------------

From Clock    To Clock          WNS(ns)      TNS(ns)  TNS Failing Endpoints  TNS Total Endpoints      WHS(ns)      THS(ns)  THS Failing Endpoints  THS Total Endpoints  
----------    --------          -------      -------  ---------------------  -------------------      -------      -------  ---------------------  -------------------  


------------------------------------------------------------------------------------------------
| Other Path Groups Table
| -----------------------
------------------------------------------------------------------------------------------------

Path Group    From Clock    To Clock          WNS(ns)      TNS(ns)  TNS Failing Endpoints  TNS Total Endpoints      WHS(ns)      THS(ns)  THS Failing Endpoints  THS Total Endpoints  
----------    ----------    --------          -------      -------  ---------------------  -------------------      -------      -------  ---------------------  -------------------  


------------------------------------------------------------------------------------------------
| User Ignored Path Table
| -----------------------
------------------------------------------------------------------------------------------------

Path Group    From Clock    To Clock    
----------    ----------    --------    


------------------------------------------------------------------------------------------------
| Unconstrained Path Table
| ------------------------
------------------------------------------------------------------------------------------------

Path Group    From Clock    To Clock    
----------    ----------    --------    
(none)                                    


------------------------------------------------------------------------------------------------
| Timing Details
| --------------
------------------------------------------------------------------------------------------------


--------------------------------------------------------------------------------------
Path Group:  (none)
From Clock:  
  To Clock:  

Max Delay           210 Endpoints
Min Delay           210 Endpoints
--------------------------------------------------------------------------------------


Max Delay Paths
--------------------------------------------------------------------------------------
Slack:                    inf
  Source:                 rd_addr_reg[0]/C
                            (rising edge-triggered cell FDCE)
  Destination:            data_out[26]
                            (output port)
  Path Group:             (none)
  Path Type:              Max at Slow Process Corner
  Data Path Delay:        3.081ns  (logic 1.101ns (35.720%)  route 1.981ns (64.280%))
  Logic Levels:           3  (FDCE=1 OBUF=1 RAMD32=1)

    Location             Delay type                Incr(ns)  Path(ns)    Netlist Resource(s)
  -------------------------------------------------------------------    -------------------
    SLICE_X95Y192        FDCE                         0.000     0.000 r  rd_addr_reg[0]/C
    SLICE_X95Y192        FDCE (Prop_DFF_SLICEL_C_Q)
                                                      0.079     0.079 r  rd_addr_reg[0]/Q
                         net (fo=36, routed)          0.337     0.416    FIFO_MEMORY/mem_reg_0_3_14_27/ADDRG0
    SLICE_X96Y192        RAMD32 (Prop_G5LUT_SLICEM_RADR0_O)
                                                      0.163     0.579 r  FIFO_MEMORY/mem_reg_0_3_14_27/RAMG/O
                         net (fo=1, routed)           1.644     2.223    data_out_OBUF[26]
    Y8                   OBUF (Prop_OUTBUF_HPIOB_M_I_O)
                                                      0.859     3.081 r  data_out_OBUF[26]_inst/O
                         net (fo=0)                   0.000     3.081    data_out[26]
    Y8                                                                r  data_out[26] (OUT)
  -------------------------------------------------------------------    -------------------

Slack:                    inf
  Source:                 rd_addr_reg[1]/C
                            (rising edge-triggered cell FDCE)
  Destination:            data_out[24]
                            (output port)
  Path Group:             (none)
  Path Type:              Max at Slow Process Corner
  Data Path Delay:        3.033ns  (logic 1.089ns (35.888%)  route 1.945ns (64.112%))
  Logic Levels:           3  (FDCE=1 OBUF=1 RAMD32=1)

    Location             Delay type                Incr(ns)  Path(ns)    Netlist Resource(s)
  -------------------------------------------------------------------    -------------------
    SLICE_X95Y192        FDCE                         0.000     0.000 r  rd_addr_reg[1]/C
    SLICE_X95Y192        FDCE (Prop_DFF2_SLICEL_C_Q)
                                                      0.081     0.081 r  rd_addr_reg[1]/Q
                         net (fo=35, routed)          0.520     0.601    FIFO_MEMORY/mem_reg_0_3_14_27/ADDRF1
    SLICE_X96Y192        RAMD32 (Prop_F5LUT_SLICEM_RADR1_O)
                                                      0.142     0.743 r  FIFO_MEMORY/mem_reg_0_3_14_27/RAMF/O
                         net (fo=1, routed)           1.425     2.168    data_out_OBUF[24]
    AA7                  OBUF (Prop_OUTBUF_HPIOB_M_I_O)
                                                      0.866     3.033 r  data_out_OBUF[24]_inst/O
                         net (fo=0)                   0.000     3.033    data_out[24]
    AA7                                                               r  data_out[24] (OUT)
  -------------------------------------------------------------------    -------------------

Slack:                    inf
  Source:                 rd_addr_reg[0]/C
                            (rising edge-triggered cell FDCE)
  Destination:            data_out[3]
                            (output port)
  Path Group:             (none)
  Path Type:              Max at Slow Process Corner
  Data Path Delay:        2.988ns  (logic 1.128ns (37.753%)  route 1.860ns (62.247%))
  Logic Levels:           3  (FDCE=1 OBUF=1 RAMD32=1)

    Location             Delay type                Incr(ns)  Path(ns)    Netlist Resource(s)
  -------------------------------------------------------------------    -------------------
    SLICE_X95Y192        FDCE                         0.000     0.000 r  rd_addr_reg[0]/C
    SLICE_X95Y192        FDCE (Prop_DFF_SLICEL_C_Q)
                                                      0.079     0.079 r  rd_addr_reg[0]/Q
                         net (fo=36, routed)          0.658     0.737    FIFO_MEMORY/mem_reg_0_3_0_13/ADDRB0
    SLICE_X96Y191        RAMD32 (Prop_B6LUT_SLICEM_RADR0_O)
                                                      0.149     0.886 r  FIFO_MEMORY/mem_reg_0_3_0_13/RAMB_D1/O
                         net (fo=1, routed)           1.202     2.088    data_out_OBUF[3]
    V1                   OBUF (Prop_OUTBUF_HPIOB_S_I_O)
                                                      0.900     2.988 r  data_out_OBUF[3]_inst/O
                         net (fo=0)                   0.000     2.988    data_out[3]
    V1                                                                r  data_out[3] (OUT)
  -------------------------------------------------------------------    -------------------

Slack:                    inf
  Source:                 rd_addr_reg[0]/C
                            (rising edge-triggered cell FDCE)
  Destination:            data_out[2]
                            (output port)
  Path Group:             (none)
  Path Type:              Max at Slow Process Corner
  Data Path Delay:        2.960ns  (logic 1.142ns (38.564%)  route 1.819ns (61.436%))
  Logic Levels:           3  (FDCE=1 OBUF=1 RAMD32=1)

    Location             Delay type                Incr(ns)  Path(ns)    Netlist Resource(s)
  -------------------------------------------------------------------    -------------------
    SLICE_X95Y192        FDCE                         0.000     0.000 r  rd_addr_reg[0]/C
    SLICE_X95Y192        FDCE (Prop_DFF_SLICEL_C_Q)
                                                      0.079     0.079 r  rd_addr_reg[0]/Q
                         net (fo=36, routed)          0.658     0.737    FIFO_MEMORY/mem_reg_0_3_0_13/ADDRB0
    SLICE_X96Y191        RAMD32 (Prop_B5LUT_SLICEM_RADR0_O)
                                                      0.167     0.904 r  FIFO_MEMORY/mem_reg_0_3_0_13/RAMB/O
                         net (fo=1, routed)           1.161     2.065    data_out_OBUF[2]
    V2                   OBUF (Prop_OUTBUF_HPIOB_M_I_O)
                                                      0.896     2.960 r  data_out_OBUF[2]_inst/O
                         net (fo=0)                   0.000     2.960    data_out[2]
    V2                                                                r  data_out[2] (OUT)
  -------------------------------------------------------------------    -------------------

Slack:                    inf
  Source:                 rd_addr_reg[0]/C
                            (rising edge-triggered cell FDCE)
  Destination:            data_out[0]
                            (output port)
  Path Group:             (none)
  Path Type:              Max at Slow Process Corner
  Data Path Delay:        2.934ns  (logic 1.142ns (38.905%)  route 1.793ns (61.095%))
  Logic Levels:           3  (FDCE=1 OBUF=1 RAMD32=1)

    Location             Delay type                Incr(ns)  Path(ns)    Netlist Resource(s)
  -------------------------------------------------------------------    -------------------
    SLICE_X95Y192        FDCE                         0.000     0.000 r  rd_addr_reg[0]/C
    SLICE_X95Y192        FDCE (Prop_DFF_SLICEL_C_Q)
                                                      0.079     0.079 r  rd_addr_reg[0]/Q
                         net (fo=36, routed)          0.565     0.644    FIFO_MEMORY/mem_reg_0_3_0_13/ADDRA0
    SLICE_X96Y191        RAMD32 (Prop_A5LUT_SLICEM_RADR0_O)
                                                      0.163     0.807 r  FIFO_MEMORY/mem_reg_0_3_0_13/RAMA/O
                         net (fo=1, routed)           1.228     2.035    data_out_OBUF[0]
    W2                   OBUF (Prop_OUTBUF_HPIOB_M_I_O)
                                                      0.900     2.934 r  data_out_OBUF[0]_inst/O
                         net (fo=0)                   0.000     2.934    data_out[0]
    W2                                                                r  data_out[0] (OUT)
  -------------------------------------------------------------------    -------------------

Slack:                    inf
  Source:                 rd_addr_reg[1]/C
                            (rising edge-triggered cell FDCE)
  Destination:            data_out[25]
                            (output port)
  Path Group:             (none)
  Path Type:              Max at Slow Process Corner
  Data Path Delay:        2.926ns  (logic 1.070ns (36.582%)  route 1.856ns (63.418%))
  Logic Levels:           3  (FDCE=1 OBUF=1 RAMD32=1)

    Location             Delay type                Incr(ns)  Path(ns)    Netlist Resource(s)
  -------------------------------------------------------------------    -------------------
    SLICE_X95Y192        FDCE                         0.000     0.000 r  rd_addr_reg[1]/C
    SLICE_X95Y192        FDCE (Prop_DFF2_SLICEL_C_Q)
                                                      0.081     0.081 r  rd_addr_reg[1]/Q
                         net (fo=35, routed)          0.520     0.601    FIFO_MEMORY/mem_reg_0_3_14_27/ADDRF1
    SLICE_X96Y192        RAMD32 (Prop_F6LUT_SLICEM_RADR1_O)
                                                      0.123     0.724 r  FIFO_MEMORY/mem_reg_0_3_14_27/RAMF_D1/O
                         net (fo=1, routed)           1.336     2.060    data_out_OBUF[25]
    AA6                  OBUF (Prop_OUTBUF_HPIOB_S_I_O)
                                                      0.866     2.926 r  data_out_OBUF[25]_inst/O
                         net (fo=0)                   0.000     2.926    data_out[25]
    AA6                                                               r  data_out[25] (OUT)
  -------------------------------------------------------------------    -------------------

Slack:                    inf
  Source:                 rd_addr_reg[1]/C
                            (rising edge-triggered cell FDCE)
  Destination:            data_out[8]
                            (output port)
  Path Group:             (none)
  Path Type:              Max at Slow Process Corner
  Data Path Delay:        2.913ns  (logic 1.127ns (38.691%)  route 1.786ns (61.309%))
  Logic Levels:           3  (FDCE=1 OBUF=1 RAMD32=1)

    Location             Delay type                Incr(ns)  Path(ns)    Netlist Resource(s)
  -------------------------------------------------------------------    -------------------
    SLICE_X95Y192        FDCE                         0.000     0.000 r  rd_addr_reg[1]/C
    SLICE_X95Y192        FDCE (Prop_DFF2_SLICEL_C_Q)
                                                      0.081     0.081 r  rd_addr_reg[1]/Q
                         net (fo=35, routed)          0.495     0.576    FIFO_MEMORY/mem_reg_0_3_0_13/ADDRE1
    SLICE_X96Y191        RAMD32 (Prop_E5LUT_SLICEM_RADR1_O)
                                                      0.139     0.715 r  FIFO_MEMORY/mem_reg_0_3_0_13/RAME/O
                         net (fo=1, routed)           1.291     2.006    data_out_OBUF[8]
    AB3                  OBUF (Prop_OUTBUF_HPIOB_M_I_O)
                                                      0.907     2.913 r  data_out_OBUF[8]_inst/O
                         net (fo=0)                   0.000     2.913    data_out[8]
    AB3                                                               r  data_out[8] (OUT)
  -------------------------------------------------------------------    -------------------

Slack:                    inf
  Source:                 rd_addr_reg[0]/C
                            (rising edge-triggered cell FDCE)
  Destination:            data_out[1]
                            (output port)
  Path Group:             (none)
  Path Type:              Max at Slow Process Corner
  Data Path Delay:        2.888ns  (logic 1.132ns (39.201%)  route 1.756ns (60.799%))
  Logic Levels:           3  (FDCE=1 OBUF=1 RAMD32=1)

    Location             Delay type                Incr(ns)  Path(ns)    Netlist Resource(s)
  -------------------------------------------------------------------    -------------------
    SLICE_X95Y192        FDCE                         0.000     0.000 r  rd_addr_reg[0]/C
    SLICE_X95Y192        FDCE (Prop_DFF_SLICEL_C_Q)
                                                      0.079     0.079 r  rd_addr_reg[0]/Q
                         net (fo=36, routed)          0.565     0.644    FIFO_MEMORY/mem_reg_0_3_0_13/ADDRA0
    SLICE_X96Y191        RAMD32 (Prop_A6LUT_SLICEM_RADR0_O)
                                                      0.150     0.794 r  FIFO_MEMORY/mem_reg_0_3_0_13/RAMA_D1/O
                         net (fo=1, routed)           1.191     1.985    data_out_OBUF[1]
    W1                   OBUF (Prop_OUTBUF_HPIOB_S_I_O)
                                                      0.903     2.888 r  data_out_OBUF[1]_inst/O
                         net (fo=0)                   0.000     2.888    data_out[1]
    W1                                                                r  data_out[1] (OUT)
  -------------------------------------------------------------------    -------------------

Slack:                    inf
  Source:                 rd_addr_reg[1]/C
                            (rising edge-triggered cell FDCE)
  Destination:            data_out[11]
                            (output port)
  Path Group:             (none)
  Path Type:              Max at Slow Process Corner
  Data Path Delay:        2.858ns  (logic 1.119ns (39.173%)  route 1.738ns (60.827%))
  Logic Levels:           3  (FDCE=1 OBUF=1 RAMD32=1)

    Location             Delay type                Incr(ns)  Path(ns)    Netlist Resource(s)
  -------------------------------------------------------------------    -------------------
    SLICE_X95Y192        FDCE                         0.000     0.000 r  rd_addr_reg[1]/C
    SLICE_X95Y192        FDCE (Prop_DFF2_SLICEL_C_Q)
                                                      0.081     0.081 r  rd_addr_reg[1]/Q
                         net (fo=35, routed)          0.391     0.472    FIFO_MEMORY/mem_reg_0_3_0_13/ADDRF1
    SLICE_X96Y191        RAMD32 (Prop_F6LUT_SLICEM_RADR1_O)
                                                      0.123     0.595 r  FIFO_MEMORY/mem_reg_0_3_0_13/RAMF_D1/O
                         net (fo=1, routed)           1.347     1.942    data_out_OBUF[11]
    AC1                  OBUF (Prop_OUTBUF_HPIOB_S_I_O)
                                                      0.915     2.858 r  data_out_OBUF[11]_inst/O
                         net (fo=0)                   0.000     2.858    data_out[11]
    AC1                                                               r  data_out[11] (OUT)
  -------------------------------------------------------------------    -------------------

Slack:                    inf
  Source:                 rd_addr_reg[0]/C
                            (rising edge-triggered cell FDCE)
  Destination:            data_out[27]
                            (output port)
  Path Group:             (none)
  Path Type:              Max at Slow Process Corner
  Data Path Delay:        2.825ns  (logic 1.088ns (38.523%)  route 1.737ns (61.477%))
  Logic Levels:           3  (FDCE=1 OBUF=1 RAMD32=1)

    Location             Delay type                Incr(ns)  Path(ns)    Netlist Resource(s)
  -------------------------------------------------------------------    -------------------
    SLICE_X95Y192        FDCE                         0.000     0.000 r  rd_addr_reg[0]/C
    SLICE_X95Y192        FDCE (Prop_DFF_SLICEL_C_Q)
                                                      0.079     0.079 r  rd_addr_reg[0]/Q
                         net (fo=36, routed)          0.337     0.416    FIFO_MEMORY/mem_reg_0_3_14_27/ADDRG0
    SLICE_X96Y192        RAMD32 (Prop_G6LUT_SLICEM_RADR0_O)
                                                      0.150     0.566 r  FIFO_MEMORY/mem_reg_0_3_14_27/RAMG_D1/O
                         net (fo=1, routed)           1.400     1.966    data_out_OBUF[27]
    Y7                   OBUF (Prop_OUTBUF_HPIOB_S_I_O)
                                                      0.859     2.825 r  data_out_OBUF[27]_inst/O
                         net (fo=0)                   0.000     2.825    data_out[27]
    Y7                                                                r  data_out[27] (OUT)
  -------------------------------------------------------------------    -------------------





Min Delay Paths
--------------------------------------------------------------------------------------
Slack:                    inf
  Source:                 rd_addr_reg[0]/C
                            (rising edge-triggered cell FDCE)
  Destination:            rd_addr_reg[1]/D
  Path Group:             (none)
  Path Type:              Min at Fast Process Corner
  Data Path Delay:        0.108ns  (logic 0.072ns (66.442%)  route 0.036ns (33.558%))
  Logic Levels:           2  (FDCE=1 LUT3=1)

    Location             Delay type                Incr(ns)  Path(ns)    Netlist Resource(s)
  -------------------------------------------------------------------    -------------------
    SLICE_X95Y192        FDCE                         0.000     0.000 r  rd_addr_reg[0]/C
    SLICE_X95Y192        FDCE (Prop_DFF_SLICEL_C_Q)
                                                      0.039     0.039 r  rd_addr_reg[0]/Q
                         net (fo=36, routed)          0.030     0.069    rd_addr[0]
    SLICE_X95Y192        LUT3 (Prop_D5LUT_SLICEL_I0_O)
                                                      0.033     0.102 r  rd_addr[1]_i_2/O
                         net (fo=1, routed)           0.006     0.108    rd_addr[1]_i_2_n_0
    SLICE_X95Y192        FDCE                                         r  rd_addr_reg[1]/D
  -------------------------------------------------------------------    -------------------

Slack:                    inf
  Source:                 counter_reg[1]/C
                            (rising edge-triggered cell FDCE)
  Destination:            counter_reg[2]/D
  Path Group:             (none)
  Path Type:              Min at Fast Process Corner
  Data Path Delay:        0.120ns  (logic 0.076ns (63.484%)  route 0.044ns (36.516%))
  Logic Levels:           2  (FDCE=1 LUT5=1)

    Location             Delay type                Incr(ns)  Path(ns)    Netlist Resource(s)
  -------------------------------------------------------------------    -------------------
    SLICE_X96Y190        FDCE                         0.000     0.000 r  counter_reg[1]/C
    SLICE_X96Y190        FDCE (Prop_DFF_SLICEM_C_Q)
                                                      0.039     0.039 r  counter_reg[1]/Q
                         net (fo=10, routed)          0.035     0.074    counter_reg_n_0_[1]
    SLICE_X96Y190        LUT5 (Prop_D5LUT_SLICEM_I2_O)
                                                      0.037     0.111 r  counter[2]_i_2/O
                         net (fo=1, routed)           0.009     0.120    counter[2]_i_2_n_0
    SLICE_X96Y190        FDCE                                         r  counter_reg[2]/D
  -------------------------------------------------------------------    -------------------

Slack:                    inf
  Source:                 rd_addr_reg[0]/C
                            (rising edge-triggered cell FDCE)
  Destination:            rd_addr_reg[0]/D
  Path Group:             (none)
  Path Type:              Min at Fast Process Corner
  Data Path Delay:        0.120ns  (logic 0.074ns (61.479%)  route 0.046ns (38.521%))
  Logic Levels:           2  (FDCE=1 LUT2=1)

    Location             Delay type                Incr(ns)  Path(ns)    Netlist Resource(s)
  -------------------------------------------------------------------    -------------------
    SLICE_X95Y192        FDCE                         0.000     0.000 r  rd_addr_reg[0]/C
    SLICE_X95Y192        FDCE (Prop_DFF_SLICEL_C_Q)
                                                      0.039     0.039 f  rd_addr_reg[0]/Q
                         net (fo=36, routed)          0.030     0.069    rd_addr[0]
    SLICE_X95Y192        LUT2 (Prop_D6LUT_SLICEL_I0_O)
                                                      0.035     0.104 r  rd_addr[0]_i_1/O
                         net (fo=1, routed)           0.016     0.120    rd_addr[0]_i_1_n_0
    SLICE_X95Y192        FDCE                                         r  rd_addr_reg[0]/D
  -------------------------------------------------------------------    -------------------

Slack:                    inf
  Source:                 counter_reg[1]/C
                            (rising edge-triggered cell FDCE)
  Destination:            counter_reg[1]/D
  Path Group:             (none)
  Path Type:              Min at Fast Process Corner
  Data Path Delay:        0.135ns  (logic 0.074ns (54.931%)  route 0.061ns (45.069%))
  Logic Levels:           2  (FDCE=1 LUT5=1)

    Location             Delay type                Incr(ns)  Path(ns)    Netlist Resource(s)
  -------------------------------------------------------------------    -------------------
    SLICE_X96Y190        FDCE                         0.000     0.000 r  counter_reg[1]/C
    SLICE_X96Y190        FDCE (Prop_DFF_SLICEM_C_Q)
                                                      0.039     0.039 r  counter_reg[1]/Q
                         net (fo=10, routed)          0.035     0.074    counter_reg_n_0_[1]
    SLICE_X96Y190        LUT5 (Prop_D6LUT_SLICEM_I1_O)
                                                      0.035     0.109 r  counter[1]_i_1/O
                         net (fo=1, routed)           0.026     0.135    counter[1]_i_1_n_0
    SLICE_X96Y190        FDCE                                         r  counter_reg[1]/D
  -------------------------------------------------------------------    -------------------

Slack:                    inf
  Source:                 wr_addr_reg[0]/C
                            (rising edge-triggered cell FDCE)
  Destination:            FIFO_MEMORY/mem_reg_0_3_0_13/RAMA/WADR0
  Path Group:             (none)
  Path Type:              Min at Fast Process Corner
  Data Path Delay:        0.136ns  (logic 0.039ns (28.641%)  route 0.097ns (71.359%))
  Logic Levels:           1  (FDCE=1)

    Location             Delay type                Incr(ns)  Path(ns)    Netlist Resource(s)
  -------------------------------------------------------------------    -------------------
    SLICE_X96Y190        FDCE                         0.000     0.000 r  wr_addr_reg[0]/C
    SLICE_X96Y190        FDCE (Prop_HFF_SLICEM_C_Q)
                                                      0.039     0.039 r  wr_addr_reg[0]/Q
                         net (fo=42, routed)          0.097     0.136    FIFO_MEMORY/mem_reg_0_3_0_13/ADDRH0
    SLICE_X96Y191        RAMD32                                       r  FIFO_MEMORY/mem_reg_0_3_0_13/RAMA/WADR0
  -------------------------------------------------------------------    -------------------

Slack:                    inf
  Source:                 wr_addr_reg[0]/C
                            (rising edge-triggered cell FDCE)
  Destination:            FIFO_MEMORY/mem_reg_0_3_0_13/RAMA_D1/WADR0
  Path Group:             (none)
  Path Type:              Min at Fast Process Corner
  Data Path Delay:        0.136ns  (logic 0.039ns (28.641%)  route 0.097ns (71.359%))
  Logic Levels:           1  (FDCE=1)

    Location             Delay type                Incr(ns)  Path(ns)    Netlist Resource(s)
  -------------------------------------------------------------------    -------------------
    SLICE_X96Y190        FDCE                         0.000     0.000 r  wr_addr_reg[0]/C
    SLICE_X96Y190        FDCE (Prop_HFF_SLICEM_C_Q)
                                                      0.039     0.039 r  wr_addr_reg[0]/Q
                         net (fo=42, routed)          0.097     0.136    FIFO_MEMORY/mem_reg_0_3_0_13/ADDRH0
    SLICE_X96Y191        RAMD32                                       r  FIFO_MEMORY/mem_reg_0_3_0_13/RAMA_D1/WADR0
  -------------------------------------------------------------------    -------------------

Slack:                    inf
  Source:                 wr_addr_reg[0]/C
                            (rising edge-triggered cell FDCE)
  Destination:            FIFO_MEMORY/mem_reg_0_3_0_13/RAMB/WADR0
  Path Group:             (none)
  Path Type:              Min at Fast Process Corner
  Data Path Delay:        0.136ns  (logic 0.039ns (28.641%)  route 0.097ns (71.359%))
  Logic Levels:           1  (FDCE=1)

    Location             Delay type                Incr(ns)  Path(ns)    Netlist Resource(s)
  -------------------------------------------------------------------    -------------------
    SLICE_X96Y190        FDCE                         0.000     0.000 r  wr_addr_reg[0]/C
    SLICE_X96Y190        FDCE (Prop_HFF_SLICEM_C_Q)
                                                      0.039     0.039 r  wr_addr_reg[0]/Q
                         net (fo=42, routed)          0.097     0.136    FIFO_MEMORY/mem_reg_0_3_0_13/ADDRH0
    SLICE_X96Y191        RAMD32                                       r  FIFO_MEMORY/mem_reg_0_3_0_13/RAMB/WADR0
  -------------------------------------------------------------------    -------------------

Slack:                    inf
  Source:                 wr_addr_reg[0]/C
                            (rising edge-triggered cell FDCE)
  Destination:            FIFO_MEMORY/mem_reg_0_3_0_13/RAMB_D1/WADR0
  Path Group:             (none)
  Path Type:              Min at Fast Process Corner
  Data Path Delay:        0.136ns  (logic 0.039ns (28.641%)  route 0.097ns (71.359%))
  Logic Levels:           1  (FDCE=1)

    Location             Delay type                Incr(ns)  Path(ns)    Netlist Resource(s)
  -------------------------------------------------------------------    -------------------
    SLICE_X96Y190        FDCE                         0.000     0.000 r  wr_addr_reg[0]/C
    SLICE_X96Y190        FDCE (Prop_HFF_SLICEM_C_Q)
                                                      0.039     0.039 r  wr_addr_reg[0]/Q
                         net (fo=42, routed)          0.097     0.136    FIFO_MEMORY/mem_reg_0_3_0_13/ADDRH0
    SLICE_X96Y191        RAMD32                                       r  FIFO_MEMORY/mem_reg_0_3_0_13/RAMB_D1/WADR0
  -------------------------------------------------------------------    -------------------

Slack:                    inf
  Source:                 wr_addr_reg[0]/C
                            (rising edge-triggered cell FDCE)
  Destination:            FIFO_MEMORY/mem_reg_0_3_0_13/RAMC/WADR0
  Path Group:             (none)
  Path Type:              Min at Fast Process Corner
  Data Path Delay:        0.136ns  (logic 0.039ns (28.641%)  route 0.097ns (71.359%))
  Logic Levels:           1  (FDCE=1)

    Location             Delay type                Incr(ns)  Path(ns)    Netlist Resource(s)
  -------------------------------------------------------------------    -------------------
    SLICE_X96Y190        FDCE                         0.000     0.000 r  wr_addr_reg[0]/C
    SLICE_X96Y190        FDCE (Prop_HFF_SLICEM_C_Q)
                                                      0.039     0.039 r  wr_addr_reg[0]/Q
                         net (fo=42, routed)          0.097     0.136    FIFO_MEMORY/mem_reg_0_3_0_13/ADDRH0
    SLICE_X96Y191        RAMD32                                       r  FIFO_MEMORY/mem_reg_0_3_0_13/RAMC/WADR0
  -------------------------------------------------------------------    -------------------

Slack:                    inf
  Source:                 wr_addr_reg[0]/C
                            (rising edge-triggered cell FDCE)
  Destination:            FIFO_MEMORY/mem_reg_0_3_0_13/RAMC_D1/WADR0
  Path Group:             (none)
  Path Type:              Min at Fast Process Corner
  Data Path Delay:        0.136ns  (logic 0.039ns (28.641%)  route 0.097ns (71.359%))
  Logic Levels:           1  (FDCE=1)

    Location             Delay type                Incr(ns)  Path(ns)    Netlist Resource(s)
  -------------------------------------------------------------------    -------------------
    SLICE_X96Y190        FDCE                         0.000     0.000 r  wr_addr_reg[0]/C
    SLICE_X96Y190        FDCE (Prop_HFF_SLICEM_C_Q)
                                                      0.039     0.039 r  wr_addr_reg[0]/Q
                         net (fo=42, routed)          0.097     0.136    FIFO_MEMORY/mem_reg_0_3_0_13/ADDRH0
    SLICE_X96Y191        RAMD32                                       r  FIFO_MEMORY/mem_reg_0_3_0_13/RAMC_D1/WADR0
  -------------------------------------------------------------------    -------------------





