Copyright 1986-2022 Xilinx, Inc. All Rights Reserved. Copyright 2022-2024 Advanced Micro Devices, Inc. All Rights Reserved.
-------------------------------------------------------------------------------------------------------------------------------------------------
| Tool Version     : Vivado v.2024.1 (win64) Build 5076996 Wed May 22 18:37:14 MDT 2024
| Date             : Tue May 13 22:25:21 2025
| Host             : Soroush running 64-bit major release  (build 9200)
| Command          : report_power -file top_fifo_power_routed.rpt -pb top_fifo_power_summary_routed.pb -rpx top_fifo_power_routed.rpx
| Design           : top_fifo
| Device           : xczu9eg-ffvb1156-2-e
| Design State     : routed
| Grade            : extended
| Process          : typical
| Characterization : Production
-------------------------------------------------------------------------------------------------------------------------------------------------

Power Report

Table of Contents
-----------------
1. Summary
1.1 On-Chip Components
1.2 Power Supply Summary
1.3 Confidence Level
2. Settings
2.1 Environment
2.2 Clock Constraints
3. Detailed Reports
3.1 By Hierarchy

1. Summary
----------

+--------------------------+--------------+
| Total On-Chip Power (W)  | 18.507       |
| Design Power Budget (W)  | Unspecified* |
| Power Budget Margin (W)  | NA           |
| Dynamic (W)              | 17.743       |
| Device Static (W)        | 0.764        |
| Effective TJA (C/W)      | 1.0          |
| Max Ambient (C)          | 81.9         |
| Junction Temperature (C) | 43.1         |
| Confidence Level         | Low          |
| Setting File             | ---          |
| Simulation Activity File | ---          |
| Design Nets Matched      | NA           |
+--------------------------+--------------+
* Specify Design Power Budget using, set_operating_conditions -design_power_budget <value in Watts>


1.1 On-Chip Components
----------------------

+--------------------------+-----------+----------+-----------+-----------------+
| On-Chip                  | Power (W) | Used     | Available | Utilization (%) |
+--------------------------+-----------+----------+-----------+-----------------+
| CLB Logic                |     0.276 |       66 |       --- |             --- |
|   LUT as Distributed RAM |     0.201 |       20 |    144000 |            0.01 |
|   LUT as Logic           |     0.069 |       10 |    274080 |           <0.01 |
|   Register               |     0.005 |        7 |    548160 |           <0.01 |
|   BUFG                   |    <0.001 |        1 |        32 |            3.13 |
|   Others                 |     0.000 |        3 |       --- |             --- |
| Signals                  |     0.284 |       85 |       --- |             --- |
| I/O                      |    17.183 |       74 |       328 |           22.56 |
| Static Power             |     0.764 |          |           |                 |
| Total                    |    18.507 |          |           |                 |
+--------------------------+-----------+----------+-----------+-----------------+


1.2 Power Supply Summary
------------------------

+-----------------+-------------+-----------+-------------+------------+-------------+-------------+------------+
| Source          | Voltage (V) | Total (A) | Dynamic (A) | Static (A) | Powerup (A) | Budget (A)  | Margin (A) |
+-----------------+-------------+-----------+-------------+------------+-------------+-------------+------------+
| Vccint          |       0.850 |     1.014 |       0.658 |      0.355 |       NA    | Unspecified | NA         |
| Vccint_io       |       0.850 |     0.950 |       0.911 |      0.039 |       NA    | Unspecified | NA         |
| Vccbram         |       0.850 |     0.005 |       0.000 |      0.005 |       NA    | Unspecified | NA         |
| Vccaux          |       1.800 |     0.187 |       0.000 |      0.187 |       NA    | Unspecified | NA         |
| Vccaux_io       |       1.800 |     2.022 |       1.989 |      0.033 |       NA    | Unspecified | NA         |
| Vcco33          |       3.300 |     0.000 |       0.000 |      0.000 |       NA    | Unspecified | NA         |
| Vcco25          |       2.500 |     0.000 |       0.000 |      0.000 |       NA    | Unspecified | NA         |
| Vcco18          |       1.800 |     7.127 |       7.127 |      0.000 |       NA    | Unspecified | NA         |
| Vcco15          |       1.500 |     0.000 |       0.000 |      0.000 |       NA    | Unspecified | NA         |
| Vcco135         |       1.350 |     0.000 |       0.000 |      0.000 |       NA    | Unspecified | NA         |
| Vcco12          |       1.200 |     0.000 |       0.000 |      0.000 |       NA    | Unspecified | NA         |
| Vcco10          |       1.000 |     0.000 |       0.000 |      0.000 |       NA    | Unspecified | NA         |
| Vccadc          |       1.800 |     0.008 |       0.000 |      0.008 |       NA    | Unspecified | NA         |
| VCC_PSINTFP     |       0.850 |     0.000 |       0.000 |      0.000 |       NA    | Unspecified | NA         |
| VCC_PSINTLP     |       0.850 |     0.008 |       0.000 |      0.008 |       NA    | Unspecified | NA         |
| VPS_MGTRAVCC    |       0.850 |     0.000 |       0.000 |      0.000 |       NA    | Unspecified | NA         |
| VCC_PSINTFP_DDR |       0.850 |     0.000 |       0.000 |      0.000 |       NA    | Unspecified | NA         |
| VCC_PSPLL       |       1.200 |     0.002 |       0.000 |      0.002 |       NA    | Unspecified | NA         |
| VPS_MGTRAVTT    |       1.800 |     0.000 |       0.000 |      0.000 |       NA    | Unspecified | NA         |
| VCCO_PSDDR_504  |       1.200 |     0.000 |       0.000 |      0.000 |       NA    | Unspecified | NA         |
| VCC_PSAUX       |       1.800 |     0.002 |       0.000 |      0.002 |       NA    | Unspecified | NA         |
| VCC_PSBATT      |       1.200 |     0.000 |       0.000 |      0.000 |       NA    | Unspecified | NA         |
| VCC_PSDDR_PLL   |       1.800 |     0.000 |       0.000 |      0.000 |       NA    | Unspecified | NA         |
| VCCO_PSIO0_500  |       3.300 |     0.000 |       0.000 |      0.000 |       NA    | Unspecified | NA         |
| VCCO_PSIO1_501  |       3.300 |     0.000 |       0.000 |      0.000 |       NA    | Unspecified | NA         |
| VCCO_PSIO2_502  |       3.300 |     0.000 |       0.000 |      0.000 |       NA    | Unspecified | NA         |
| VCCO_PSIO3_503  |       3.300 |     0.000 |       0.000 |      0.000 |       NA    | Unspecified | NA         |
| VCC_PSADC       |       1.800 |     0.002 |       0.000 |      0.002 |       NA    | Unspecified | NA         |
| MGTAVcc         |       0.900 |     0.000 |       0.000 |      0.000 |       NA    | Unspecified | NA         |
| MGTAVtt         |       1.200 |     0.000 |       0.000 |      0.000 |       NA    | Unspecified | NA         |
| MGTVccaux       |       1.800 |     0.000 |       0.000 |      0.000 |       NA    | Unspecified | NA         |
+-----------------+-------------+-----------+-------------+------------+-------------+-------------+------------+


1.3 Confidence Level
--------------------

+-----------------------------+------------+--------------------------------------------------------+--------------------------------------------------------------------------------------------------------------------+
| User Input Data             | Confidence | Details                                                | Action                                                                                                             |
+-----------------------------+------------+--------------------------------------------------------+--------------------------------------------------------------------------------------------------------------------+
| Design implementation state | High       | Design is routed                                       |                                                                                                                    |
| Clock nodes activity        | Low        | User specified less than 75% of clocks                 | Provide missing clock activity with a constraint file, simulation results or by editing the "By Clock Domain" view |
| I/O nodes activity          | Low        | More than 75% of inputs are missing user specification | Provide missing input activity with simulation results or by editing the "By Resource Type -> I/Os" view           |
| Internal nodes activity     | Medium     | User specified less than 25% of internal nodes         | Provide missing internal nodes activity with simulation results or by editing the "By Resource Type" views         |
| Device models               | High       | Device models are Production                           |                                                                                                                    |
|                             |            |                                                        |                                                                                                                    |
| Overall confidence level    | Low        |                                                        |                                                                                                                    |
+-----------------------------+------------+--------------------------------------------------------+--------------------------------------------------------------------------------------------------------------------+


2. Settings
-----------

2.1 Environment
---------------

+-----------------------+--------------------------+
| Ambient Temp (C)      | 25.0                     |
| ThetaJA (C/W)         | 1.0                      |
| Airflow (LFM)         | 250                      |
| Heat Sink             | medium (Medium Profile)  |
| ThetaSA (C/W)         | 1.5                      |
| Board Selection       | medium (10"x10")         |
| # of Board Layers     | 12to15 (12 to 15 Layers) |
| Board Temperature (C) | 25.0                     |
+-----------------------+--------------------------+


2.2 Clock Constraints
---------------------

+-------+--------+-----------------+
| Clock | Domain | Constraint (ns) |
+-------+--------+-----------------+


3. Detailed Reports
-------------------

3.1 By Hierarchy
----------------

+-------------------------+-----------+
| Name                    | Power (W) |
+-------------------------+-----------+
| top_fifo                |    17.743 |
|   FIFO_MEMORY           |     0.307 |
|     mem_reg_0_3_0_13    |     0.111 |
|     mem_reg_0_3_14_27   |     0.131 |
|     mem_reg_0_3_28_31   |     0.057 |
|   clear_IBUF_inst       |     0.009 |
|   clk_IBUF_inst         |     0.006 |
|   data_in_IBUF[0]_inst  |     0.010 |
|   data_in_IBUF[10]_inst |     0.010 |
|   data_in_IBUF[11]_inst |     0.009 |
|   data_in_IBUF[12]_inst |     0.009 |
|   data_in_IBUF[13]_inst |     0.009 |
|   data_in_IBUF[14]_inst |     0.009 |
|   data_in_IBUF[15]_inst |     0.009 |
|   data_in_IBUF[16]_inst |     0.009 |
|   data_in_IBUF[17]_inst |     0.009 |
|   data_in_IBUF[18]_inst |     0.009 |
|   data_in_IBUF[19]_inst |     0.009 |
|   data_in_IBUF[1]_inst  |     0.010 |
|   data_in_IBUF[20]_inst |     0.008 |
|   data_in_IBUF[21]_inst |     0.008 |
|   data_in_IBUF[22]_inst |     0.008 |
|   data_in_IBUF[23]_inst |     0.008 |
|   data_in_IBUF[24]_inst |     0.008 |
|   data_in_IBUF[25]_inst |     0.009 |
|   data_in_IBUF[26]_inst |     0.008 |
|   data_in_IBUF[27]_inst |     0.008 |
|   data_in_IBUF[28]_inst |     0.008 |
|   data_in_IBUF[29]_inst |     0.007 |
|   data_in_IBUF[2]_inst  |     0.010 |
|   data_in_IBUF[30]_inst |     0.007 |
|   data_in_IBUF[31]_inst |     0.007 |
|   data_in_IBUF[3]_inst  |     0.010 |
|   data_in_IBUF[4]_inst  |     0.010 |
|   data_in_IBUF[5]_inst  |     0.010 |
|   data_in_IBUF[6]_inst  |     0.010 |
|   data_in_IBUF[7]_inst  |     0.010 |
|   data_in_IBUF[8]_inst  |     0.010 |
|   data_in_IBUF[9]_inst  |     0.010 |
|   read_IBUF_inst        |     0.007 |
|   write_IBUF_inst       |     0.008 |
+-------------------------+-----------+


