#-----------------------------------------------------------
# Vivado v2024.1 (64-bit)
# SW Build 5076996 on Wed May 22 18:37:14 MDT 2024
# IP Build 5075265 on Wed May 22 21:45:21 MDT 2024
# SharedData Build 5076995 on Wed May 22 18:29:18 MDT 2024
# Start of session at: Tue May 13 22:18:51 2025
# Process ID: 36232
# Current directory: D:/2025/Learning/FPGA_Projects/FIFO_Synthesisable/FIFO_Synthesisable.runs/impl_1
# Command line: vivado.exe -log top_fifo.vdi -applog -product Vivado -messageDb vivado.pb -mode batch -source top_fifo.tcl -notrace
# Log file: D:/2025/Learning/FPGA_Projects/FIFO_Synthesisable/FIFO_Synthesisable.runs/impl_1/top_fifo.vdi
# Journal file: D:/2025/Learning/FPGA_Projects/FIFO_Synthesisable/FIFO_Synthesisable.runs/impl_1\vivado.jou
# Running On        :Soroush
# Platform          :Windows Server 2016 or Windows 10
# Operating System  :26100
# Processor Detail  :Intel(R) Core(TM) i5-10210U CPU @ 1.60GHz
# CPU Frequency     :2112 MHz
# CPU Physical cores:4
# CPU Logical cores :8
# Host memory       :12679 MB
# Swap memory       :19778 MB
# Total Virtual     :32457 MB
# Available Virtual :4125 MB
#-----------------------------------------------------------
source top_fifo.tcl -notrace
