#-----------------------------------------------------------
# Vivado v2024.1 (64-bit)
# SW Build 5076996 on Wed May 22 18:37:14 MDT 2024
# IP Build 5075265 on Wed May 22 21:45:21 MDT 2024
# SharedData Build 5076995 on Wed May 22 18:29:18 MDT 2024
# Start of session at: Tue Oct 21 21:53:23 2025
# Process ID: 19884
# Current directory: D:/2025/Learning/FPGA_Projects/mini_module_hello_world/mini_module_hello_world.runs/design_1_processing_system7_0_0_synth_1
# Command line: vivado.exe -log design_1_processing_system7_0_0.vds -product Vivado -mode batch -messageDb vivado.pb -notrace -source design_1_processing_system7_0_0.tcl
# Log file: D:/2025/Learning/FPGA_Projects/mini_module_hello_world/mini_module_hello_world.runs/design_1_processing_system7_0_0_synth_1/design_1_processing_system7_0_0.vds
# Journal file: D:/2025/Learning/FPGA_Projects/mini_module_hello_world/mini_module_hello_world.runs/design_1_processing_system7_0_0_synth_1\vivado.jou
# Running On        :Soroush
# Platform          :Windows Server 2016 or Windows 10
# Operating System  :26100
# Processor Detail  :Intel(R) Core(TM) i5-10210U CPU @ 1.60GHz
# CPU Frequency     :2112 MHz
# CPU Physical cores:4
# CPU Logical cores :8
# Host memory       :12679 MB
# Swap memory       :7066 MB
# Total Virtual     :19746 MB
# Available Virtual :3333 MB
#-----------------------------------------------------------
source design_1_processing_system7_0_0.tcl -notrace
